Archive member included to satisfy reference by file (symbol)

C:/QMK_MSYS/opt/qmk/bin/../lib/gcc/avr/15.2.0/avr5\libgcc.a(_exit.o)
                              C:/QMK_MSYS/opt/qmk/bin/../lib/gcc/avr/15.2.0/../../../../avr/lib/avr5/crtatmega32u4.o (exit)
C:/QMK_MSYS/opt/qmk/bin/../lib/gcc/avr/15.2.0/avr5\libgcc.a(_copy_data.o)
                              obj/VirtualSerial.o (__do_copy_data)
C:/QMK_MSYS/opt/qmk/bin/../lib/gcc/avr/15.2.0/avr5\libgcc.a(_clear_bss.o)
                              obj/VirtualSerial.o (__do_clear_bss)
C:/QMK_MSYS/opt/qmk/bin/../lib/gcc/avr/15.2.0/../../../../avr/lib/avr5\libc.a(memcpy_P.o)
                              obj/RNDISClassDevice.o (memcpy_P)
C:/QMK_MSYS/opt/qmk/bin/../lib/gcc/avr/15.2.0/../../../../avr/lib/avr5\libc.a(strlen_P.o)
                              obj/CDCClassDevice.o (__strlen_P)
C:/QMK_MSYS/opt/qmk/bin/../lib/gcc/avr/15.2.0/../../../../avr/lib/avr5\libc.a(memcmp.o)
                              obj/HIDClassDevice.o (memcmp)
C:/QMK_MSYS/opt/qmk/bin/../lib/gcc/avr/15.2.0/../../../../avr/lib/avr5\libc.a(memcpy.o)
                              obj/HIDClassDevice.o (memcpy)
C:/QMK_MSYS/opt/qmk/bin/../lib/gcc/avr/15.2.0/../../../../avr/lib/avr5\libc.a(memset.o)
                              obj/HIDClassDevice.o (memset)
C:/QMK_MSYS/opt/qmk/bin/../lib/gcc/avr/15.2.0/../../../../avr/lib/avr5\libc.a(iob.o)
                              obj/VirtualSerial.o (__iob)
C:/QMK_MSYS/opt/qmk/bin/../lib/gcc/avr/15.2.0/../../../../avr/lib/avr5\libatmega32u4.a(eerd_byte.o)
                              obj/EndpointStream_AVR8.o (eeprom_read_byte)
C:/QMK_MSYS/opt/qmk/bin/../lib/gcc/avr/15.2.0/../../../../avr/lib/avr5\libatmega32u4.a(eeupd_byte.o)
                              obj/EndpointStream_AVR8.o (eeprom_update_byte)

Discarded input sections

 .data          0x00000000        0x0 C:/QMK_MSYS/opt/qmk/bin/../lib/gcc/avr/15.2.0/../../../../avr/lib/avr5/crtatmega32u4.o
 .bss           0x00000000        0x0 C:/QMK_MSYS/opt/qmk/bin/../lib/gcc/avr/15.2.0/../../../../avr/lib/avr5/crtatmega32u4.o
 .text          0x00000000        0x0 obj/VirtualSerial.o
 .text          0x00000000        0x0 obj/Descriptors.o
 .data          0x00000000        0x0 obj/Descriptors.o
 .bss           0x00000000        0x0 obj/Descriptors.o
 .text          0x00000000        0x0 obj/HIDParser.o
 .data          0x00000000        0x0 obj/HIDParser.o
 .bss           0x00000000        0x0 obj/HIDParser.o
 .text.USB_ProcessHIDReport
                0x00000000      0x620 obj/HIDParser.o
 .text.USB_GetHIDReportItemInfo
                0x00000000       0xbe obj/HIDParser.o
 .text.USB_SetHIDReportItemInfo
                0x00000000       0xac obj/HIDParser.o
 .text.USB_GetHIDReportSize
                0x00000000       0x64 obj/HIDParser.o
 .debug_info    0x00000000      0x84f obj/HIDParser.o
 .debug_abbrev  0x00000000      0x26a obj/HIDParser.o
 .debug_loc     0x00000000      0xdb2 obj/HIDParser.o
 .debug_aranges
                0x00000000       0x38 obj/HIDParser.o
 .debug_ranges  0x00000000       0xf8 obj/HIDParser.o
 .debug_line    0x00000000      0xe9a obj/HIDParser.o
 .debug_str     0x00000000      0x777 obj/HIDParser.o
 .comment       0x00000000       0x4d obj/HIDParser.o
 .debug_frame   0x00000000      0x108 obj/HIDParser.o
 .text          0x00000000        0x0 obj/Device_AVR8.o
 .data          0x00000000        0x0 obj/Device_AVR8.o
 .bss           0x00000000        0x0 obj/Device_AVR8.o
 .text.USB_Device_SendRemoteWakeup
                0x00000000       0x2c obj/Device_AVR8.o
 .debug_info    0x00000000       0xf5 obj/Device_AVR8.o
 .debug_abbrev  0x00000000       0x91 obj/Device_AVR8.o
 .debug_aranges
                0x00000000       0x20 obj/Device_AVR8.o
 .debug_ranges  0x00000000       0x10 obj/Device_AVR8.o
 .debug_line    0x00000000      0x1cc obj/Device_AVR8.o
 .debug_str     0x00000000      0x2a5 obj/Device_AVR8.o
 .comment       0x00000000       0x4d obj/Device_AVR8.o
 .debug_frame   0x00000000       0x24 obj/Device_AVR8.o
 .text          0x00000000        0x0 obj/EndpointStream_AVR8.o
 .data          0x00000000        0x0 obj/EndpointStream_AVR8.o
 .bss           0x00000000        0x0 obj/EndpointStream_AVR8.o
 .text.Endpoint_Discard_Stream
                0x00000000       0x9e obj/EndpointStream_AVR8.o
 .text.Endpoint_Null_Stream
                0x00000000       0x9e obj/EndpointStream_AVR8.o
 .text.Endpoint_Write_Stream_LE
                0x00000000       0x9e obj/EndpointStream_AVR8.o
 .text.Endpoint_Write_Stream_BE
                0x00000000       0xa8 obj/EndpointStream_AVR8.o
 .text.Endpoint_Read_Stream_LE
                0x00000000       0x9e obj/EndpointStream_AVR8.o
 .text.Endpoint_Read_Stream_BE
                0x00000000       0xa8 obj/EndpointStream_AVR8.o
 .text.Endpoint_Write_PStream_LE
                0x00000000       0xa0 obj/EndpointStream_AVR8.o
 .text.Endpoint_Write_PStream_BE
                0x00000000       0xaa obj/EndpointStream_AVR8.o
 .text.Endpoint_Write_EStream_LE
                0x00000000       0xa2 obj/EndpointStream_AVR8.o
 .text.Endpoint_Write_EStream_BE
                0x00000000       0xac obj/EndpointStream_AVR8.o
 .text.Endpoint_Read_EStream_LE
                0x00000000       0xa2 obj/EndpointStream_AVR8.o
 .text.Endpoint_Read_EStream_BE
                0x00000000       0xac obj/EndpointStream_AVR8.o
 .text.Endpoint_Write_Control_Stream_BE
                0x00000000       0xc4 obj/EndpointStream_AVR8.o
 .text.Endpoint_Read_Control_Stream_LE
                0x00000000       0x7e obj/EndpointStream_AVR8.o
 .text.Endpoint_Read_Control_Stream_BE
                0x00000000       0x88 obj/EndpointStream_AVR8.o
 .text.Endpoint_Write_Control_PStream_BE
                0x00000000       0xc4 obj/EndpointStream_AVR8.o
 .text.Endpoint_Write_Control_EStream_LE
                0x00000000       0xd8 obj/EndpointStream_AVR8.o
 .text.Endpoint_Write_Control_EStream_BE
                0x00000000       0xe2 obj/EndpointStream_AVR8.o
 .text.Endpoint_Read_Control_EStream_LE
                0x00000000       0x92 obj/EndpointStream_AVR8.o
 .text.Endpoint_Read_Control_EStream_BE
                0x00000000       0x9c obj/EndpointStream_AVR8.o
 .text          0x00000000        0x0 obj/Endpoint_AVR8.o
 .data          0x00000000        0x0 obj/Endpoint_AVR8.o
 .bss           0x00000000        0x0 obj/Endpoint_AVR8.o
 .text.Endpoint_ClearEndpoints
                0x00000000       0x28 obj/Endpoint_AVR8.o
 .text          0x00000000        0x0 obj/Host_AVR8.o
 .data          0x00000000        0x0 obj/Host_AVR8.o
 .bss           0x00000000        0x0 obj/Host_AVR8.o
 .debug_info    0x00000000       0x56 obj/Host_AVR8.o
 .debug_abbrev  0x00000000       0x26 obj/Host_AVR8.o
 .debug_aranges
                0x00000000       0x18 obj/Host_AVR8.o
 .debug_line    0x00000000       0xa3 obj/Host_AVR8.o
 .debug_str     0x00000000      0x24d obj/Host_AVR8.o
 .comment       0x00000000       0x4d obj/Host_AVR8.o
 .text          0x00000000        0x0 obj/PipeStream_AVR8.o
 .data          0x00000000        0x0 obj/PipeStream_AVR8.o
 .bss           0x00000000        0x0 obj/PipeStream_AVR8.o
 .debug_info    0x00000000       0x56 obj/PipeStream_AVR8.o
 .debug_abbrev  0x00000000       0x26 obj/PipeStream_AVR8.o
 .debug_aranges
                0x00000000       0x18 obj/PipeStream_AVR8.o
 .debug_line    0x00000000       0xa9 obj/PipeStream_AVR8.o
 .debug_str     0x00000000      0x253 obj/PipeStream_AVR8.o
 .comment       0x00000000       0x4d obj/PipeStream_AVR8.o
 .text          0x00000000        0x0 obj/Pipe_AVR8.o
 .data          0x00000000        0x0 obj/Pipe_AVR8.o
 .bss           0x00000000        0x0 obj/Pipe_AVR8.o
 .debug_info    0x00000000       0x56 obj/Pipe_AVR8.o
 .debug_abbrev  0x00000000       0x26 obj/Pipe_AVR8.o
 .debug_aranges
                0x00000000       0x18 obj/Pipe_AVR8.o
 .debug_line    0x00000000       0xa3 obj/Pipe_AVR8.o
 .debug_str     0x00000000      0x24d obj/Pipe_AVR8.o
 .comment       0x00000000       0x4d obj/Pipe_AVR8.o
 .text          0x00000000        0x0 obj/USBController_AVR8.o
 .data          0x00000000        0x0 obj/USBController_AVR8.o
 .bss           0x00000000        0x0 obj/USBController_AVR8.o
 .text.USB_Disable
                0x00000000       0x32 obj/USBController_AVR8.o
 .text          0x00000000        0x0 obj/USBInterrupt_AVR8.o
 .data          0x00000000        0x0 obj/USBInterrupt_AVR8.o
 .bss           0x00000000        0x0 obj/USBInterrupt_AVR8.o
 .text          0x00000000        0x0 obj/ConfigDescriptors.o
 .data          0x00000000        0x0 obj/ConfigDescriptors.o
 .bss           0x00000000        0x0 obj/ConfigDescriptors.o
 .text.USB_GetNextDescriptorOfType
                0x00000000       0x4e obj/ConfigDescriptors.o
 .text.USB_GetNextDescriptorOfTypeBefore
                0x00000000       0x6e obj/ConfigDescriptors.o
 .text.USB_GetNextDescriptorOfTypeAfter
                0x00000000       0x54 obj/ConfigDescriptors.o
 .text.USB_GetNextDescriptorComp
                0x00000000       0xa6 obj/ConfigDescriptors.o
 .debug_info    0x00000000      0x453 obj/ConfigDescriptors.o
 .debug_abbrev  0x00000000      0x1c0 obj/ConfigDescriptors.o
 .debug_loc     0x00000000      0x583 obj/ConfigDescriptors.o
 .debug_aranges
                0x00000000       0x38 obj/ConfigDescriptors.o
 .debug_ranges  0x00000000       0x28 obj/ConfigDescriptors.o
 .debug_line    0x00000000      0x44b obj/ConfigDescriptors.o
 .debug_str     0x00000000      0x493 obj/ConfigDescriptors.o
 .comment       0x00000000       0x4d obj/ConfigDescriptors.o
 .debug_frame   0x00000000       0xbc obj/ConfigDescriptors.o
 .text          0x00000000        0x0 obj/DeviceStandardReq.o
 .data          0x00000000        0x0 obj/DeviceStandardReq.o
 .text          0x00000000        0x0 obj/Events.o
 .data          0x00000000        0x0 obj/Events.o
 .bss           0x00000000        0x0 obj/Events.o
 .text.USB_Event_Stub_2
                0x00000000        0x2 obj/Events.o
 .text.USB_Event_Stub_3
                0x00000000        0x2 obj/Events.o
 .text          0x00000000        0x0 obj/HostStandardReq.o
 .data          0x00000000        0x0 obj/HostStandardReq.o
 .bss           0x00000000        0x0 obj/HostStandardReq.o
 .debug_info    0x00000000       0x56 obj/HostStandardReq.o
 .debug_abbrev  0x00000000       0x26 obj/HostStandardReq.o
 .debug_aranges
                0x00000000       0x18 obj/HostStandardReq.o
 .debug_line    0x00000000       0xa4 obj/HostStandardReq.o
 .debug_str     0x00000000      0x24e obj/HostStandardReq.o
 .comment       0x00000000       0x4d obj/HostStandardReq.o
 .text          0x00000000        0x0 obj/USBTask.o
 .data          0x00000000        0x0 obj/USBTask.o
 .text          0x00000000        0x0 obj/AudioClassDevice.o
 .data          0x00000000        0x0 obj/AudioClassDevice.o
 .bss           0x00000000        0x0 obj/AudioClassDevice.o
 .text.Audio_Device_ConfigureEndpoints
                0x00000000       0x30 obj/AudioClassDevice.o
 .text.Audio_Device_Event_Stub
                0x00000000        0x2 obj/AudioClassDevice.o
 .text.Audio_Device_ProcessControlRequest
                0x00000000      0x2ee obj/AudioClassDevice.o
 .debug_info    0x00000000      0x9ac obj/AudioClassDevice.o
 .debug_abbrev  0x00000000      0x24d obj/AudioClassDevice.o
 .debug_loc     0x00000000      0x34e obj/AudioClassDevice.o
 .debug_aranges
                0x00000000       0x30 obj/AudioClassDevice.o
 .debug_ranges  0x00000000       0x60 obj/AudioClassDevice.o
 .debug_line    0x00000000      0x90a obj/AudioClassDevice.o
 .debug_str     0x00000000      0x758 obj/AudioClassDevice.o
 .comment       0x00000000       0x4d obj/AudioClassDevice.o
 .debug_frame   0x00000000       0x90 obj/AudioClassDevice.o
 .text          0x00000000        0x0 obj/CCIDClassDevice.o
 .data          0x00000000        0x0 obj/CCIDClassDevice.o
 .bss           0x00000000        0x0 obj/CCIDClassDevice.o
 .text.CCID_CheckStatusNoError
                0x00000000        0xc obj/CCIDClassDevice.o
 .text.CCID_Device_ProcessControlRequest
                0x00000000       0x70 obj/CCIDClassDevice.o
 .text.CCID_Device_ConfigureEndpoints
                0x00000000       0x2e obj/CCIDClassDevice.o
 .text.CCID_Device_USBTask
                0x00000000      0x3b0 obj/CCIDClassDevice.o
 .debug_info    0x00000000      0xffd obj/CCIDClassDevice.o
 .debug_abbrev  0x00000000      0x3ab obj/CCIDClassDevice.o
 .debug_loc     0x00000000      0x727 obj/CCIDClassDevice.o
 .debug_aranges
                0x00000000       0x38 obj/CCIDClassDevice.o
 .debug_ranges  0x00000000       0xc8 obj/CCIDClassDevice.o
 .debug_line    0x00000000     0x1087 obj/CCIDClassDevice.o
 .debug_str     0x00000000      0xa7f obj/CCIDClassDevice.o
 .comment       0x00000000       0x4d obj/CCIDClassDevice.o
 .debug_frame   0x00000000       0xbc obj/CCIDClassDevice.o
 .text          0x00000000        0x0 obj/CDCClassDevice.o
 .data          0x00000000        0x0 obj/CDCClassDevice.o
 .bss           0x00000000        0x0 obj/CDCClassDevice.o
 .text.CDC_Device_SendString
                0x00000000       0x42 obj/CDCClassDevice.o
 .text.CDC_Device_SendData
                0x00000000       0x34 obj/CDCClassDevice.o
 .text.CDC_Device_SendString_P
                0x00000000       0x5a obj/CDCClassDevice.o
 .text.CDC_Device_SendData_P
                0x00000000       0x34 obj/CDCClassDevice.o
 .text.CDC_Device_putchar
                0x00000000       0x30 obj/CDCClassDevice.o
 .text.CDC_Device_BytesReceived
                0x00000000       0x54 obj/CDCClassDevice.o
 .text.CDC_Device_getchar
                0x00000000       0x16 obj/CDCClassDevice.o
 .text.CDC_Device_getchar_Blocking
                0x00000000       0x36 obj/CDCClassDevice.o
 .rodata        0x00000000       0x24 obj/CDCClassDevice.o
 .text.CDC_Device_SendControlLineStateChange
                0x00000000       0x8e obj/CDCClassDevice.o
 .text.CDC_Device_CreateStream
                0x00000000       0x1a obj/CDCClassDevice.o
 .text.CDC_Device_CreateBlockingStream
                0x00000000       0x1a obj/CDCClassDevice.o
 .text          0x00000000        0x0 obj/HIDClassDevice.o
 .data          0x00000000        0x0 obj/HIDClassDevice.o
 .bss           0x00000000        0x0 obj/HIDClassDevice.o
 .text.HID_Device_ProcessControlRequest
                0x00000000      0x288 obj/HIDClassDevice.o
 .text.HID_Device_ConfigureEndpoints
                0x00000000       0x32 obj/HIDClassDevice.o
 .text.HID_Device_USBTask
                0x00000000      0x18a obj/HIDClassDevice.o
 .debug_info    0x00000000      0xb24 obj/HIDClassDevice.o
 .debug_abbrev  0x00000000      0x2a2 obj/HIDClassDevice.o
 .debug_loc     0x00000000      0x3fd obj/HIDClassDevice.o
 .debug_aranges
                0x00000000       0x30 obj/HIDClassDevice.o
 .debug_ranges  0x00000000       0x20 obj/HIDClassDevice.o
 .debug_line    0x00000000      0xb9e obj/HIDClassDevice.o
 .debug_str     0x00000000      0x7ce obj/HIDClassDevice.o
 .comment       0x00000000       0x4d obj/HIDClassDevice.o
 .debug_frame   0x00000000       0xc0 obj/HIDClassDevice.o
 .text          0x00000000        0x0 obj/MassStorageClassDevice.o
 .data          0x00000000        0x0 obj/MassStorageClassDevice.o
 .bss           0x00000000        0x0 obj/MassStorageClassDevice.o
 .text.MS_Device_ProcessControlRequest
                0x00000000       0x7c obj/MassStorageClassDevice.o
 .text.MS_Device_ConfigureEndpoints
                0x00000000       0x3c obj/MassStorageClassDevice.o
 .text.MS_Device_USBTask
                0x00000000      0x24c obj/MassStorageClassDevice.o
 .debug_info    0x00000000      0xa76 obj/MassStorageClassDevice.o
 .debug_abbrev  0x00000000      0x2fc obj/MassStorageClassDevice.o
 .debug_loc     0x00000000      0x33b obj/MassStorageClassDevice.o
 .debug_aranges
                0x00000000       0x30 obj/MassStorageClassDevice.o
 .debug_ranges  0x00000000       0x70 obj/MassStorageClassDevice.o
 .debug_line    0x00000000      0xcb2 obj/MassStorageClassDevice.o
 .debug_str     0x00000000      0x8b4 obj/MassStorageClassDevice.o
 .comment       0x00000000       0x4d obj/MassStorageClassDevice.o
 .debug_frame   0x00000000       0x80 obj/MassStorageClassDevice.o
 .text          0x00000000        0x0 obj/MIDIClassDevice.o
 .data          0x00000000        0x0 obj/MIDIClassDevice.o
 .bss           0x00000000        0x0 obj/MIDIClassDevice.o
 .text.MIDI_Device_ConfigureEndpoints
                0x00000000       0x30 obj/MIDIClassDevice.o
 .text.MIDI_Device_SendEventPacket
                0x00000000       0x3e obj/MIDIClassDevice.o
 .text.MIDI_Device_Flush
                0x00000000       0x36 obj/MIDIClassDevice.o
 .text.MIDI_Device_USBTask
                0x00000000       0x22 obj/MIDIClassDevice.o
 .text.MIDI_Device_ReceiveEventPacket
                0x00000000       0x4e obj/MIDIClassDevice.o
 .debug_info    0x00000000      0x70c obj/MIDIClassDevice.o
 .debug_abbrev  0x00000000      0x28c obj/MIDIClassDevice.o
 .debug_loc     0x00000000      0x380 obj/MIDIClassDevice.o
 .debug_aranges
                0x00000000       0x40 obj/MIDIClassDevice.o
 .debug_ranges  0x00000000       0x30 obj/MIDIClassDevice.o
 .debug_line    0x00000000      0x7a4 obj/MIDIClassDevice.o
 .debug_str     0x00000000      0x729 obj/MIDIClassDevice.o
 .comment       0x00000000       0x4d obj/MIDIClassDevice.o
 .debug_frame   0x00000000       0x70 obj/MIDIClassDevice.o
 .text          0x00000000        0x0 obj/PrinterClassDevice.o
 .data          0x00000000        0x0 obj/PrinterClassDevice.o
 .bss           0x00000000        0x0 obj/PrinterClassDevice.o
 .text.PRNT_Device_ConfigureEndpoints
                0x00000000       0x34 obj/PrinterClassDevice.o
 .text.PRNT_Device_SendString
                0x00000000       0x32 obj/PrinterClassDevice.o
 .text.PRNT_Device_SendData
                0x00000000       0x24 obj/PrinterClassDevice.o
 .text.PRNT_Device_SendByte
                0x00000000       0x4e obj/PrinterClassDevice.o
 .text.PRNT_Device_putchar
                0x00000000       0x20 obj/PrinterClassDevice.o
 .text.PRNT_Device_Flush
                0x00000000       0x4e obj/PrinterClassDevice.o
 .text.PRNT_Device_USBTask
                0x00000000       0x9a obj/PrinterClassDevice.o
 .text.PRNT_Device_BytesReceived
                0x00000000       0x44 obj/PrinterClassDevice.o
 .text.PRNT_Device_ReceiveByte
                0x00000000       0x54 obj/PrinterClassDevice.o
 .text.PRNT_Device_getchar
                0x00000000       0x16 obj/PrinterClassDevice.o
 .text.PRNT_Device_getchar_Blocking
                0x00000000       0x36 obj/PrinterClassDevice.o
 .rodata        0x00000000       0x1c obj/PrinterClassDevice.o
 .text.PRNT_Device_CreateStream
                0x00000000       0x1a obj/PrinterClassDevice.o
 .text.PRNT_Device_CreateBlockingStream
                0x00000000       0x1a obj/PrinterClassDevice.o
 .text.PRNT_Device_Event_Stub
                0x00000000        0x2 obj/PrinterClassDevice.o
 .text.PRNT_Device_ProcessControlRequest
                0x00000000       0xe2 obj/PrinterClassDevice.o
 .debug_info    0x00000000      0xf80 obj/PrinterClassDevice.o
 .debug_abbrev  0x00000000      0x3c8 obj/PrinterClassDevice.o
 .debug_loc     0x00000000      0x9df obj/PrinterClassDevice.o
 .debug_aranges
                0x00000000       0x90 obj/PrinterClassDevice.o
 .debug_ranges  0x00000000       0x98 obj/PrinterClassDevice.o
 .debug_line    0x00000000     0x1260 obj/PrinterClassDevice.o
 .debug_str     0x00000000      0xa05 obj/PrinterClassDevice.o
 .comment       0x00000000       0x4d obj/PrinterClassDevice.o
 .debug_frame   0x00000000      0x144 obj/PrinterClassDevice.o
 .text          0x00000000        0x0 obj/RNDISClassDevice.o
 .data          0x00000000        0x0 obj/RNDISClassDevice.o
 .bss           0x00000000        0x0 obj/RNDISClassDevice.o
 .text.RNDIS_Device_ProcessControlRequest
                0x00000000      0x49a obj/RNDISClassDevice.o
 .text.RNDIS_Device_ConfigureEndpoints
                0x00000000       0x62 obj/RNDISClassDevice.o
 .rodata        0x00000000        0x8 obj/RNDISClassDevice.o
 .text.RNDIS_Device_USBTask
                0x00000000       0x80 obj/RNDISClassDevice.o
 .text.RNDIS_Device_IsPacketReceived
                0x00000000       0x28 obj/RNDISClassDevice.o
 .text.RNDIS_Device_ReadPacket
                0x00000000       0xfa obj/RNDISClassDevice.o
 .text.RNDIS_Device_SendPacket
                0x00000000       0xcc obj/RNDISClassDevice.o
 .progmem.data  0x00000000       0x6c obj/RNDISClassDevice.o
 .debug_info    0x00000000     0x1385 obj/RNDISClassDevice.o
 .debug_abbrev  0x00000000      0x3ea obj/RNDISClassDevice.o
 .debug_loc     0x00000000     0x1283 obj/RNDISClassDevice.o
 .debug_aranges
                0x00000000       0x48 obj/RNDISClassDevice.o
 .debug_ranges  0x00000000       0x98 obj/RNDISClassDevice.o
 .debug_line    0x00000000     0x11af obj/RNDISClassDevice.o
 .debug_str     0x00000000      0xe74 obj/RNDISClassDevice.o
 .comment       0x00000000       0x4d obj/RNDISClassDevice.o
 .debug_frame   0x00000000      0x114 obj/RNDISClassDevice.o
 .text          0x00000000        0x0 obj/AndroidAccessoryClassHost.o
 .data          0x00000000        0x0 obj/AndroidAccessoryClassHost.o
 .bss           0x00000000        0x0 obj/AndroidAccessoryClassHost.o
 .debug_info    0x00000000       0x56 obj/AndroidAccessoryClassHost.o
 .debug_abbrev  0x00000000       0x26 obj/AndroidAccessoryClassHost.o
 .debug_aranges
                0x00000000       0x18 obj/AndroidAccessoryClassHost.o
 .debug_line    0x00000000       0xb4 obj/AndroidAccessoryClassHost.o
 .debug_str     0x00000000      0x25e obj/AndroidAccessoryClassHost.o
 .comment       0x00000000       0x4d obj/AndroidAccessoryClassHost.o
 .text          0x00000000        0x0 obj/AudioClassHost.o
 .data          0x00000000        0x0 obj/AudioClassHost.o
 .bss           0x00000000        0x0 obj/AudioClassHost.o
 .debug_info    0x00000000       0x56 obj/AudioClassHost.o
 .debug_abbrev  0x00000000       0x26 obj/AudioClassHost.o
 .debug_aranges
                0x00000000       0x18 obj/AudioClassHost.o
 .debug_line    0x00000000       0xa9 obj/AudioClassHost.o
 .debug_str     0x00000000      0x253 obj/AudioClassHost.o
 .comment       0x00000000       0x4d obj/AudioClassHost.o
 .text          0x00000000        0x0 obj/CDCClassHost.o
 .data          0x00000000        0x0 obj/CDCClassHost.o
 .bss           0x00000000        0x0 obj/CDCClassHost.o
 .debug_info    0x00000000       0x56 obj/CDCClassHost.o
 .debug_abbrev  0x00000000       0x26 obj/CDCClassHost.o
 .debug_aranges
                0x00000000       0x18 obj/CDCClassHost.o
 .debug_line    0x00000000       0xa7 obj/CDCClassHost.o
 .debug_str     0x00000000      0x251 obj/CDCClassHost.o
 .comment       0x00000000       0x4d obj/CDCClassHost.o
 .text          0x00000000        0x0 obj/HIDClassHost.o
 .data          0x00000000        0x0 obj/HIDClassHost.o
 .bss           0x00000000        0x0 obj/HIDClassHost.o
 .debug_info    0x00000000       0x56 obj/HIDClassHost.o
 .debug_abbrev  0x00000000       0x26 obj/HIDClassHost.o
 .debug_aranges
                0x00000000       0x18 obj/HIDClassHost.o
 .debug_line    0x00000000       0xa7 obj/HIDClassHost.o
 .debug_str     0x00000000      0x251 obj/HIDClassHost.o
 .comment       0x00000000       0x4d obj/HIDClassHost.o
 .text          0x00000000        0x0 obj/MassStorageClassHost.o
 .data          0x00000000        0x0 obj/MassStorageClassHost.o
 .bss           0x00000000        0x0 obj/MassStorageClassHost.o
 .debug_info    0x00000000       0x56 obj/MassStorageClassHost.o
 .debug_abbrev  0x00000000       0x26 obj/MassStorageClassHost.o
 .debug_aranges
                0x00000000       0x18 obj/MassStorageClassHost.o
 .debug_line    0x00000000       0xaf obj/MassStorageClassHost.o
 .debug_str     0x00000000      0x259 obj/MassStorageClassHost.o
 .comment       0x00000000       0x4d obj/MassStorageClassHost.o
 .text          0x00000000        0x0 obj/MIDIClassHost.o
 .data          0x00000000        0x0 obj/MIDIClassHost.o
 .bss           0x00000000        0x0 obj/MIDIClassHost.o
 .debug_info    0x00000000       0x56 obj/MIDIClassHost.o
 .debug_abbrev  0x00000000       0x26 obj/MIDIClassHost.o
 .debug_aranges
                0x00000000       0x18 obj/MIDIClassHost.o
 .debug_line    0x00000000       0xa8 obj/MIDIClassHost.o
 .debug_str     0x00000000      0x252 obj/MIDIClassHost.o
 .comment       0x00000000       0x4d obj/MIDIClassHost.o
 .text          0x00000000        0x0 obj/PrinterClassHost.o
 .data          0x00000000        0x0 obj/PrinterClassHost.o
 .bss           0x00000000        0x0 obj/PrinterClassHost.o
 .debug_info    0x00000000       0x56 obj/PrinterClassHost.o
 .debug_abbrev  0x00000000       0x26 obj/PrinterClassHost.o
 .debug_aranges
                0x00000000       0x18 obj/PrinterClassHost.o
 .debug_line    0x00000000       0xab obj/PrinterClassHost.o
 .debug_str     0x00000000      0x255 obj/PrinterClassHost.o
 .comment       0x00000000       0x4d obj/PrinterClassHost.o
 .text          0x00000000        0x0 obj/RNDISClassHost.o
 .data          0x00000000        0x0 obj/RNDISClassHost.o
 .bss           0x00000000        0x0 obj/RNDISClassHost.o
 .debug_info    0x00000000       0x56 obj/RNDISClassHost.o
 .debug_abbrev  0x00000000       0x26 obj/RNDISClassHost.o
 .debug_aranges
                0x00000000       0x18 obj/RNDISClassHost.o
 .debug_line    0x00000000       0xa9 obj/RNDISClassHost.o
 .debug_str     0x00000000      0x253 obj/RNDISClassHost.o
 .comment       0x00000000       0x4d obj/RNDISClassHost.o
 .text          0x00000000        0x0 obj/StillImageClassHost.o
 .data          0x00000000        0x0 obj/StillImageClassHost.o
 .bss           0x00000000        0x0 obj/StillImageClassHost.o
 .debug_info    0x00000000       0x56 obj/StillImageClassHost.o
 .debug_abbrev  0x00000000       0x26 obj/StillImageClassHost.o
 .debug_aranges
                0x00000000       0x18 obj/StillImageClassHost.o
 .debug_line    0x00000000       0xae obj/StillImageClassHost.o
 .debug_str     0x00000000      0x258 obj/StillImageClassHost.o
 .comment       0x00000000       0x4d obj/StillImageClassHost.o
 .text          0x00000000        0x0 C:/QMK_MSYS/opt/qmk/bin/../lib/gcc/avr/15.2.0/avr5\libgcc.a(_exit.o)
 .data          0x00000000        0x0 C:/QMK_MSYS/opt/qmk/bin/../lib/gcc/avr/15.2.0/avr5\libgcc.a(_exit.o)
 .bss           0x00000000        0x0 C:/QMK_MSYS/opt/qmk/bin/../lib/gcc/avr/15.2.0/avr5\libgcc.a(_exit.o)
 .text.libgcc.mul
                0x00000000        0x0 C:/QMK_MSYS/opt/qmk/bin/../lib/gcc/avr/15.2.0/avr5\libgcc.a(_exit.o)
 .text.libgcc.div
                0x00000000        0x0 C:/QMK_MSYS/opt/qmk/bin/../lib/gcc/avr/15.2.0/avr5\libgcc.a(_exit.o)
 .text.libgcc   0x00000000        0x0 C:/QMK_MSYS/opt/qmk/bin/../lib/gcc/avr/15.2.0/avr5\libgcc.a(_exit.o)
 .text.libgcc.prologue
                0x00000000        0x0 C:/QMK_MSYS/opt/qmk/bin/../lib/gcc/avr/15.2.0/avr5\libgcc.a(_exit.o)
 .text.libgcc.builtins
                0x00000000        0x0 C:/QMK_MSYS/opt/qmk/bin/../lib/gcc/avr/15.2.0/avr5\libgcc.a(_exit.o)
 .text.libgcc.fmul
                0x00000000        0x0 C:/QMK_MSYS/opt/qmk/bin/../lib/gcc/avr/15.2.0/avr5\libgcc.a(_exit.o)
 .text.libgcc.fixed
                0x00000000        0x0 C:/QMK_MSYS/opt/qmk/bin/../lib/gcc/avr/15.2.0/avr5\libgcc.a(_exit.o)
 .text          0x00000000        0x0 C:/QMK_MSYS/opt/qmk/bin/../lib/gcc/avr/15.2.0/avr5\libgcc.a(_copy_data.o)
 .data          0x00000000        0x0 C:/QMK_MSYS/opt/qmk/bin/../lib/gcc/avr/15.2.0/avr5\libgcc.a(_copy_data.o)
 .bss           0x00000000        0x0 C:/QMK_MSYS/opt/qmk/bin/../lib/gcc/avr/15.2.0/avr5\libgcc.a(_copy_data.o)
 .text.libgcc.mul
                0x00000000        0x0 C:/QMK_MSYS/opt/qmk/bin/../lib/gcc/avr/15.2.0/avr5\libgcc.a(_copy_data.o)
 .text.libgcc.div
                0x00000000        0x0 C:/QMK_MSYS/opt/qmk/bin/../lib/gcc/avr/15.2.0/avr5\libgcc.a(_copy_data.o)
 .text.libgcc   0x00000000        0x0 C:/QMK_MSYS/opt/qmk/bin/../lib/gcc/avr/15.2.0/avr5\libgcc.a(_copy_data.o)
 .text.libgcc.prologue
                0x00000000        0x0 C:/QMK_MSYS/opt/qmk/bin/../lib/gcc/avr/15.2.0/avr5\libgcc.a(_copy_data.o)
 .text.libgcc.builtins
                0x00000000        0x0 C:/QMK_MSYS/opt/qmk/bin/../lib/gcc/avr/15.2.0/avr5\libgcc.a(_copy_data.o)
 .text.libgcc.fmul
                0x00000000        0x0 C:/QMK_MSYS/opt/qmk/bin/../lib/gcc/avr/15.2.0/avr5\libgcc.a(_copy_data.o)
 .text.libgcc.fixed
                0x00000000        0x0 C:/QMK_MSYS/opt/qmk/bin/../lib/gcc/avr/15.2.0/avr5\libgcc.a(_copy_data.o)
 .text          0x00000000        0x0 C:/QMK_MSYS/opt/qmk/bin/../lib/gcc/avr/15.2.0/avr5\libgcc.a(_clear_bss.o)
 .data          0x00000000        0x0 C:/QMK_MSYS/opt/qmk/bin/../lib/gcc/avr/15.2.0/avr5\libgcc.a(_clear_bss.o)
 .bss           0x00000000        0x0 C:/QMK_MSYS/opt/qmk/bin/../lib/gcc/avr/15.2.0/avr5\libgcc.a(_clear_bss.o)
 .text.libgcc.mul
                0x00000000        0x0 C:/QMK_MSYS/opt/qmk/bin/../lib/gcc/avr/15.2.0/avr5\libgcc.a(_clear_bss.o)
 .text.libgcc.div
                0x00000000        0x0 C:/QMK_MSYS/opt/qmk/bin/../lib/gcc/avr/15.2.0/avr5\libgcc.a(_clear_bss.o)
 .text.libgcc   0x00000000        0x0 C:/QMK_MSYS/opt/qmk/bin/../lib/gcc/avr/15.2.0/avr5\libgcc.a(_clear_bss.o)
 .text.libgcc.prologue
                0x00000000        0x0 C:/QMK_MSYS/opt/qmk/bin/../lib/gcc/avr/15.2.0/avr5\libgcc.a(_clear_bss.o)
 .text.libgcc.builtins
                0x00000000        0x0 C:/QMK_MSYS/opt/qmk/bin/../lib/gcc/avr/15.2.0/avr5\libgcc.a(_clear_bss.o)
 .text.libgcc.fmul
                0x00000000        0x0 C:/QMK_MSYS/opt/qmk/bin/../lib/gcc/avr/15.2.0/avr5\libgcc.a(_clear_bss.o)
 .text.libgcc.fixed
                0x00000000        0x0 C:/QMK_MSYS/opt/qmk/bin/../lib/gcc/avr/15.2.0/avr5\libgcc.a(_clear_bss.o)
 .text          0x00000000        0x0 C:/QMK_MSYS/opt/qmk/bin/../lib/gcc/avr/15.2.0/../../../../avr/lib/avr5\libc.a(memcpy_P.o)
 .data          0x00000000        0x0 C:/QMK_MSYS/opt/qmk/bin/../lib/gcc/avr/15.2.0/../../../../avr/lib/avr5\libc.a(memcpy_P.o)
 .bss           0x00000000        0x0 C:/QMK_MSYS/opt/qmk/bin/../lib/gcc/avr/15.2.0/../../../../avr/lib/avr5\libc.a(memcpy_P.o)
 .text.avr-libc
                0x00000000       0x12 C:/QMK_MSYS/opt/qmk/bin/../lib/gcc/avr/15.2.0/../../../../avr/lib/avr5\libc.a(memcpy_P.o)
 .text          0x00000000        0x0 C:/QMK_MSYS/opt/qmk/bin/../lib/gcc/avr/15.2.0/../../../../avr/lib/avr5\libc.a(strlen_P.o)
 .data          0x00000000        0x0 C:/QMK_MSYS/opt/qmk/bin/../lib/gcc/avr/15.2.0/../../../../avr/lib/avr5\libc.a(strlen_P.o)
 .bss           0x00000000        0x0 C:/QMK_MSYS/opt/qmk/bin/../lib/gcc/avr/15.2.0/../../../../avr/lib/avr5\libc.a(strlen_P.o)
 .text.avr-libc
                0x00000000       0x12 C:/QMK_MSYS/opt/qmk/bin/../lib/gcc/avr/15.2.0/../../../../avr/lib/avr5\libc.a(strlen_P.o)
 .text          0x00000000        0x0 C:/QMK_MSYS/opt/qmk/bin/../lib/gcc/avr/15.2.0/../../../../avr/lib/avr5\libc.a(memcmp.o)
 .data          0x00000000        0x0 C:/QMK_MSYS/opt/qmk/bin/../lib/gcc/avr/15.2.0/../../../../avr/lib/avr5\libc.a(memcmp.o)
 .bss           0x00000000        0x0 C:/QMK_MSYS/opt/qmk/bin/../lib/gcc/avr/15.2.0/../../../../avr/lib/avr5\libc.a(memcmp.o)
 .text.avr-libc
                0x00000000       0x1a C:/QMK_MSYS/opt/qmk/bin/../lib/gcc/avr/15.2.0/../../../../avr/lib/avr5\libc.a(memcmp.o)
 .text          0x00000000        0x0 C:/QMK_MSYS/opt/qmk/bin/../lib/gcc/avr/15.2.0/../../../../avr/lib/avr5\libc.a(memcpy.o)
 .data          0x00000000        0x0 C:/QMK_MSYS/opt/qmk/bin/../lib/gcc/avr/15.2.0/../../../../avr/lib/avr5\libc.a(memcpy.o)
 .bss           0x00000000        0x0 C:/QMK_MSYS/opt/qmk/bin/../lib/gcc/avr/15.2.0/../../../../avr/lib/avr5\libc.a(memcpy.o)
 .text.avr-libc
                0x00000000       0x12 C:/QMK_MSYS/opt/qmk/bin/../lib/gcc/avr/15.2.0/../../../../avr/lib/avr5\libc.a(memcpy.o)
 .text          0x00000000        0x0 C:/QMK_MSYS/opt/qmk/bin/../lib/gcc/avr/15.2.0/../../../../avr/lib/avr5\libc.a(memset.o)
 .data          0x00000000        0x0 C:/QMK_MSYS/opt/qmk/bin/../lib/gcc/avr/15.2.0/../../../../avr/lib/avr5\libc.a(memset.o)
 .bss           0x00000000        0x0 C:/QMK_MSYS/opt/qmk/bin/../lib/gcc/avr/15.2.0/../../../../avr/lib/avr5\libc.a(memset.o)
 .text.avr-libc
                0x00000000        0xe C:/QMK_MSYS/opt/qmk/bin/../lib/gcc/avr/15.2.0/../../../../avr/lib/avr5\libc.a(memset.o)
 .text          0x00000000        0x0 C:/QMK_MSYS/opt/qmk/bin/../lib/gcc/avr/15.2.0/../../../../avr/lib/avr5\libc.a(iob.o)
 .data          0x00000000        0x0 C:/QMK_MSYS/opt/qmk/bin/../lib/gcc/avr/15.2.0/../../../../avr/lib/avr5\libc.a(iob.o)
 .text          0x00000000        0x0 C:/QMK_MSYS/opt/qmk/bin/../lib/gcc/avr/15.2.0/../../../../avr/lib/avr5\libatmega32u4.a(eerd_byte.o)
 .data          0x00000000        0x0 C:/QMK_MSYS/opt/qmk/bin/../lib/gcc/avr/15.2.0/../../../../avr/lib/avr5\libatmega32u4.a(eerd_byte.o)
 .bss           0x00000000        0x0 C:/QMK_MSYS/opt/qmk/bin/../lib/gcc/avr/15.2.0/../../../../avr/lib/avr5\libatmega32u4.a(eerd_byte.o)
 .text.avr-libc
                0x00000000       0x10 C:/QMK_MSYS/opt/qmk/bin/../lib/gcc/avr/15.2.0/../../../../avr/lib/avr5\libatmega32u4.a(eerd_byte.o)
 .text          0x00000000        0x0 C:/QMK_MSYS/opt/qmk/bin/../lib/gcc/avr/15.2.0/../../../../avr/lib/avr5\libatmega32u4.a(eeupd_byte.o)
 .data          0x00000000        0x0 C:/QMK_MSYS/opt/qmk/bin/../lib/gcc/avr/15.2.0/../../../../avr/lib/avr5\libatmega32u4.a(eeupd_byte.o)
 .bss           0x00000000        0x0 C:/QMK_MSYS/opt/qmk/bin/../lib/gcc/avr/15.2.0/../../../../avr/lib/avr5\libatmega32u4.a(eeupd_byte.o)
 .text.avr-libc
                0x00000000       0x24 C:/QMK_MSYS/opt/qmk/bin/../lib/gcc/avr/15.2.0/../../../../avr/lib/avr5\libatmega32u4.a(eeupd_byte.o)

Memory Configuration

Name             Origin             Length             Attributes
text             0x00000000         0x00008000         xr
data             0x00800100         0x00000a00         rw!x
eeprom           0x00810000         0x00000400         rw!x
fuse             0x00820000         0x00000003         rw!x
lock             0x00830000         0x00000400         rw!x
signature        0x00840000         0x00000400         rw!x
user_signatures  0x00850000         0x00000400         rw!x
*default*        0x00000000         0xffffffff

Linker script and memory map

Address of section .data set to 0x800100
LOAD C:/QMK_MSYS/opt/qmk/bin/../lib/gcc/avr/15.2.0/../../../../avr/lib/avr5/crtatmega32u4.o
LOAD obj/VirtualSerial.o
LOAD obj/Descriptors.o
LOAD obj/HIDParser.o
LOAD obj/Device_AVR8.o
LOAD obj/EndpointStream_AVR8.o
LOAD obj/Endpoint_AVR8.o
LOAD obj/Host_AVR8.o
LOAD obj/PipeStream_AVR8.o
LOAD obj/Pipe_AVR8.o
LOAD obj/USBController_AVR8.o
LOAD obj/USBInterrupt_AVR8.o
LOAD obj/ConfigDescriptors.o
LOAD obj/DeviceStandardReq.o
LOAD obj/Events.o
LOAD obj/HostStandardReq.o
LOAD obj/USBTask.o
LOAD obj/AudioClassDevice.o
LOAD obj/CCIDClassDevice.o
LOAD obj/CDCClassDevice.o
LOAD obj/HIDClassDevice.o
LOAD obj/MassStorageClassDevice.o
LOAD obj/MIDIClassDevice.o
LOAD obj/PrinterClassDevice.o
LOAD obj/RNDISClassDevice.o
LOAD obj/AndroidAccessoryClassHost.o
LOAD obj/AudioClassHost.o
LOAD obj/CDCClassHost.o
LOAD obj/HIDClassHost.o
LOAD obj/MassStorageClassHost.o
LOAD obj/MIDIClassHost.o
LOAD obj/PrinterClassHost.o
LOAD obj/RNDISClassHost.o
LOAD obj/StillImageClassHost.o
LOAD C:/QMK_MSYS/opt/qmk/bin/../lib/gcc/avr/15.2.0/../../../../avr/lib/avr5\libm.a
START GROUP
LOAD C:/QMK_MSYS/opt/qmk/bin/../lib/gcc/avr/15.2.0/avr5\libgcc.a
LOAD C:/QMK_MSYS/opt/qmk/bin/../lib/gcc/avr/15.2.0/../../../../avr/lib/avr5\libm.a
LOAD C:/QMK_MSYS/opt/qmk/bin/../lib/gcc/avr/15.2.0/../../../../avr/lib/avr5\libc.a
LOAD C:/QMK_MSYS/opt/qmk/bin/../lib/gcc/avr/15.2.0/../../../../avr/lib/avr5\libatmega32u4.a
END GROUP
                [0x00000000]                      __TEXT_REGION_ORIGIN__ = DEFINED (__TEXT_REGION_ORIGIN__)?__TEXT_REGION_ORIGIN__:0x0
                [0x00008000]                      __TEXT_REGION_LENGTH__ = DEFINED (__TEXT_REGION_LENGTH__)?__TEXT_REGION_LENGTH__:0x20000
                [0x00800100]                      __DATA_REGION_ORIGIN__ = DEFINED (__DATA_REGION_ORIGIN__)?__DATA_REGION_ORIGIN__:0x800060
                [0x00000a00]                      __DATA_REGION_LENGTH__ = DEFINED (__DATA_REGION_LENGTH__)?__DATA_REGION_LENGTH__:0xffa0
                [0x00000400]                      __EEPROM_REGION_LENGTH__ = DEFINED (__EEPROM_REGION_LENGTH__)?__EEPROM_REGION_LENGTH__:0x10000
                [0x00000003]                      __FUSE_REGION_LENGTH__ = DEFINED (__FUSE_REGION_LENGTH__)?__FUSE_REGION_LENGTH__:0x400
                0x00000400                        __LOCK_REGION_LENGTH__ = DEFINED (__LOCK_REGION_LENGTH__)?__LOCK_REGION_LENGTH__:0x400
                0x00000400                        __SIGNATURE_REGION_LENGTH__ = DEFINED (__SIGNATURE_REGION_LENGTH__)?__SIGNATURE_REGION_LENGTH__:0x400
                0x00000400                        __USER_SIGNATURE_REGION_LENGTH__ = DEFINED (__USER_SIGNATURE_REGION_LENGTH__)?__USER_SIGNATURE_REGION_LENGTH__:0x400

.hash
 *(.hash)

.dynsym
 *(.dynsym)

.dynstr
 *(.dynstr)

.gnu.version
 *(.gnu.version)

.gnu.version_d
 *(.gnu.version_d)

.gnu.version_r
 *(.gnu.version_r)

.rel.init
 *(.rel.init)

.rela.init
 *(.rela.init)

.rel.text
 *(.rel.text)
 *(.rel.text.*)
 *(.rel.gnu.linkonce.t*)

.rela.text
 *(.rela.text)
 *(.rela.text.*)
 *(.rela.gnu.linkonce.t*)

.rel.fini
 *(.rel.fini)

.rela.fini
 *(.rela.fini)

.rel.rodata
 *(.rel.rodata)
 *(.rel.rodata.*)
 *(.rel.gnu.linkonce.r*)

.rela.rodata
 *(.rela.rodata)
 *(.rela.rodata.*)
 *(.rela.gnu.linkonce.r*)

.rel.data
 *(.rel.data)
 *(.rel.data.*)
 *(.rel.gnu.linkonce.d*)

.rela.data
 *(.rela.data)
 *(.rela.data.*)
 *(.rela.gnu.linkonce.d*)

.rel.ctors
 *(.rel.ctors)

.rela.ctors
 *(.rela.ctors)

.rel.dtors
 *(.rel.dtors)

.rela.dtors
 *(.rela.dtors)

.rel.got
 *(.rel.got)

.rela.got
 *(.rela.got)

.rel.bss
 *(.rel.bss)

.rela.bss
 *(.rela.bss)

.rel.plt
 *(.rel.plt)

.rela.plt
 *(.rela.plt)

.text           0x00000000      0xfcc
 *(.vectors)
 .vectors       0x00000000       0xac C:/QMK_MSYS/opt/qmk/bin/../lib/gcc/avr/15.2.0/../../../../avr/lib/avr5/crtatmega32u4.o
                0x00000000                __vector_default
                0x00000000                __vectors
 *(.vectors)
 *(.progmem.gcc*)
                0x000000ac                        . = ALIGN (0x2)
                0x000000ac                        __trampolines_start = .
 *(.trampolines)
 .trampolines   0x000000ac        0x0 linker stubs
 *(.trampolines*)
                0x000000ac                        __trampolines_end = .
 *libprintf_flt.a:*(.progmem.data)
 *libc.a:*(.progmem.data)
 *(.progmem.*)
 .progmem.data  0x000000ac       0x82 obj/Descriptors.o
                0x000000ac                ProductString
                0x000000c6                ManufacturerString
                0x000000da                LanguageString
                0x000000de                ConfigurationDescriptor
                0x0000011c                DeviceDescriptor
                0x0000012e                        . = ALIGN (0x2)
 *(.lowtext)
 *(.lowtext*)
                0x0000012e                        __ctors_start = .
 *(.ctors)
                0x0000012e                        __ctors_end = .
                0x0000012e                        __dtors_start = .
 *(.dtors)
                0x0000012e                        __dtors_end = .
 SORT_BY_NAME(*)(.ctors)
 SORT_BY_NAME(*)(.dtors)
 *(.init0)
 .init0         0x0000012e        0x0 C:/QMK_MSYS/opt/qmk/bin/../lib/gcc/avr/15.2.0/../../../../avr/lib/avr5/crtatmega32u4.o
                0x0000012e                __init
 *(.init0)
 *(.init1)
 *(.init1)
 *(.init2)
 .init2         0x0000012e        0xc C:/QMK_MSYS/opt/qmk/bin/../lib/gcc/avr/15.2.0/../../../../avr/lib/avr5/crtatmega32u4.o
 *(.init2)
 *(.init3)
 *(.init3)
 *(.init4)
 .init4         0x0000013a       0x16 C:/QMK_MSYS/opt/qmk/bin/../lib/gcc/avr/15.2.0/avr5\libgcc.a(_copy_data.o)
                0x0000013a                __do_copy_data
 .init4         0x00000150       0x10 C:/QMK_MSYS/opt/qmk/bin/../lib/gcc/avr/15.2.0/avr5\libgcc.a(_clear_bss.o)
                0x00000150                __do_clear_bss
 *(.init4)
 *(.init5)
 *(.init5)
 *(.init6)
 *(.init6)
 *(.init7)
 *(.init7)
 *(.init8)
 *(.init8)
 *(.init9)
 .init9         0x00000160        0x4 C:/QMK_MSYS/opt/qmk/bin/../lib/gcc/avr/15.2.0/../../../../avr/lib/avr5/crtatmega32u4.o
 *(.init9)
 *(.text)
 .text          0x00000164        0x2 C:/QMK_MSYS/opt/qmk/bin/../lib/gcc/avr/15.2.0/../../../../avr/lib/avr5/crtatmega32u4.o
                0x00000164                __vector_38
                0x00000164                __vector_22
                0x00000164                __vector_28
                0x00000164                __vector_32
                0x00000164                __vector_34
                0x00000164                __vector_24
                0x00000164                __vector_12
                0x00000164                __bad_interrupt
                0x00000164                __vector_6
                0x00000164                __vector_31
                0x00000164                __vector_35
                0x00000164                __vector_39
                0x00000164                __vector_3
                0x00000164                __vector_23
                0x00000164                __vector_30
                0x00000164                __vector_25
                0x00000164                __vector_13
                0x00000164                __vector_17
                0x00000164                __vector_19
                0x00000164                __vector_7
                0x00000164                __vector_41
                0x00000164                __vector_27
                0x00000164                __vector_5
                0x00000164                __vector_33
                0x00000164                __vector_37
                0x00000164                __vector_4
                0x00000164                __vector_9
                0x00000164                __vector_21
                0x00000164                __vector_15
                0x00000164                __vector_36
                0x00000164                __vector_29
                0x00000164                __vector_40
                0x00000164                __vector_8
                0x00000164                __vector_26
                0x00000164                __vector_14
                0x00000164                __vector_16
                0x00000164                __vector_18
                0x00000164                __vector_20
                0x00000164                __vector_42
                0x00000166                        . = ALIGN (0x2)
 *(.text.*)
 .text.USB_PosljiCrko
                0x00000166       0x2c obj/VirtualSerial.o
                0x00000166                USB_PosljiCrko
 .text.con      0x00000192       0x20 obj/VirtualSerial.o
                0x00000192                con
 .text.check_button_press
                0x000001b2       0x56 obj/VirtualSerial.o
                0x000001b2                check_button_press
 .text.__vector_1
                0x00000208       0x7a obj/VirtualSerial.o
                0x00000208                __vector_1
 .text.__vector_2
                0x00000282       0x46 obj/VirtualSerial.o
                0x00000282                __vector_2
 .text.SetupHardware
                0x000002c8       0x4c obj/VirtualSerial.o
                0x000002c8                SetupHardware
 .text.startup.main
                0x00000314       0x9a obj/VirtualSerial.o
                0x00000314                main
 .text.EVENT_USB_Device_ConfigurationChanged
                0x000003ae        0x6 obj/VirtualSerial.o
                0x000003ae                EVENT_USB_Device_ConfigurationChanged
 .text.EVENT_USB_Device_ControlRequest
                0x000003b4        0x6 obj/VirtualSerial.o
                0x000003b4                EVENT_USB_Device_ControlRequest
 .text.CALLBACK_USB_GetDescriptor
                0x000003ba       0x62 obj/Descriptors.o
                0x000003ba                CALLBACK_USB_GetDescriptor
 .text.Endpoint_Write_Control_Stream_LE
                0x0000041c       0xbc obj/EndpointStream_AVR8.o
                0x0000041c                Endpoint_Write_Control_Stream_LE
 .text.Endpoint_Write_Control_PStream_LE
                0x000004d8       0xbe obj/EndpointStream_AVR8.o
                0x000004d8                Endpoint_Write_Control_PStream_LE
 .text.Endpoint_ConfigureEndpoint_Prv
                0x00000596       0x68 obj/Endpoint_AVR8.o
                0x00000596                Endpoint_ConfigureEndpoint_Prv
 .text.Endpoint_ConfigureEndpointTable
                0x000005fe       0x94 obj/Endpoint_AVR8.o
                0x000005fe                Endpoint_ConfigureEndpointTable
 .text.Endpoint_ClearStatusStage
                0x00000692       0x3e obj/Endpoint_AVR8.o
                0x00000692                Endpoint_ClearStatusStage
 .text.Endpoint_WaitUntilReady
                0x000006d0       0x62 obj/Endpoint_AVR8.o
                0x000006d0                Endpoint_WaitUntilReady
 .text.USB_ResetInterface
                0x00000732       0x7e obj/USBController_AVR8.o
                0x00000732                USB_ResetInterface
 .text.USB_Init
                0x000007b0       0x1e obj/USBController_AVR8.o
                0x000007b0                USB_Init
 .text.USB_INT_DisableAllInterrupts
                0x000007ce       0x10 obj/USBInterrupt_AVR8.o
                0x000007ce                USB_INT_DisableAllInterrupts
 .text.USB_INT_ClearAllInterrupts
                0x000007de        0xa obj/USBInterrupt_AVR8.o
                0x000007de                USB_INT_ClearAllInterrupts
 .text.__vector_10
                0x000007e8      0x198 obj/USBInterrupt_AVR8.o
                0x000007e8                __vector_10
 .text.__vector_11
                0x00000980       0x8e obj/USBInterrupt_AVR8.o
                0x00000980                __vector_11
 .text.USB_Device_ProcessControlRequest
                0x00000a0e      0x2b2 obj/DeviceStandardReq.o
                0x00000a0e                USB_Device_ProcessControlRequest
 .text.USB_Event_Stub
                0x00000cc0        0x2 obj/Events.o
                0x00000cc0                EVENT_USB_Device_WakeUp
                0x00000cc0                USB_Event_Stub
                0x00000cc0                EVENT_USB_Device_Suspend
                0x00000cc0                EVENT_USB_Device_StartOfFrame
                0x00000cc0                EVENT_USB_Device_Disconnect
                0x00000cc0                EVENT_USB_Device_Reset
                0x00000cc0                EVENT_USB_Device_Connect
 .text.USB_USBTask
                0x00000cc2       0x32 obj/USBTask.o
                0x00000cc2                USB_USBTask
 .text.CDC_Device_ConfigureEndpoints
                0x00000cf4       0x48 obj/CDCClassDevice.o
                0x00000cf4                CDC_Device_ConfigureEndpoints
 .text.CDC_Device_SendByte
                0x00000d3c       0x5c obj/CDCClassDevice.o
                0x00000d3c                CDC_Device_SendByte
 .text.CDC_Device_Flush
                0x00000d98       0x5c obj/CDCClassDevice.o
                0x00000d98                CDC_Device_Flush
 .text.CDC_Device_USBTask
                0x00000df4       0x2c obj/CDCClassDevice.o
                0x00000df4                CDC_Device_USBTask
 .text.CDC_Device_ReceiveByte
                0x00000e20       0x64 obj/CDCClassDevice.o
                0x00000e20                CDC_Device_ReceiveByte
 .text.CDC_Device_Event_Stub
                0x00000e84        0x2 obj/CDCClassDevice.o
                0x00000e84                EVENT_CDC_Device_ControLineStateChanged
                0x00000e84                CDC_Device_Event_Stub
                0x00000e84                EVENT_CDC_Device_LineEncodingChanged
 .text.CDC_Device_Event_Stub_2
                0x00000e86        0x2 obj/CDCClassDevice.o
                0x00000e86                EVENT_CDC_Device_BreakSent
                0x00000e86                CDC_Device_Event_Stub_2
 .text.CDC_Device_ProcessControlRequest
                0x00000e88      0x140 obj/CDCClassDevice.o
                0x00000e88                CDC_Device_ProcessControlRequest
                0x00000fc8                        . = ALIGN (0x2)
 *(.fini9)
 .fini9         0x00000fc8        0x0 C:/QMK_MSYS/opt/qmk/bin/../lib/gcc/avr/15.2.0/avr5\libgcc.a(_exit.o)
                0x00000fc8                _exit
                0x00000fc8                exit
 *(.fini9)
 *(.fini8)
 *(.fini8)
 *(.fini7)
 *(.fini7)
 *(.fini6)
 *(.fini6)
 *(.fini5)
 *(.fini5)
 *(.fini4)
 *(.fini4)
 *(.fini3)
 *(.fini3)
 *(.fini2)
 *(.fini2)
 *(.fini1)
 *(.fini1)
 *(.fini0)
 .fini0         0x00000fc8        0x4 C:/QMK_MSYS/opt/qmk/bin/../lib/gcc/avr/15.2.0/avr5\libgcc.a(_exit.o)
 *(.fini0)
 *(.hightext)
 *(.hightext*)
 *(.progmemx.*)
                0x00000fcc                        . = ALIGN (0x2)
 *(.jumptables)
 *(.jumptables*)
                0x00000fcc                        _etext = .

.data           0x00800100       0x72 load address 0x00000fcc
                0x00800100                        PROVIDE (__data_start = .)
 *(.data)
 .data          0x00800100       0x61 obj/VirtualSerial.o
                0x00800100                encoder
                0x0080010e                moji_gumbi
                0x00800138                usb_stream
                0x00800146                VirtualSerial_CDC_Interface
 *(.data*)
 *(.gnu.linkonce.d*)
 *(.rodata)
 .rodata        0x00800161       0x10 obj/VirtualSerial.o
 *(.rodata*)
 *(.gnu.linkonce.r*)
                0x00800172                        . = ALIGN (0x2)
 *fill*         0x00800171        0x1 
                0x00800172                        _edata = .
                0x00800172                        PROVIDE (__data_end = .)

.bss            0x00800172       0x5d
                0x00800172                        PROVIDE (__bss_start = .)
 *(.bss)
 .bss           0x00800172       0x4a obj/VirtualSerial.o
                0x00800172                staro_stanje_pinov
                0x00800173                zadnji_stevec
                0x00800177                stevec
                0x0080017b                buffer_index
                0x0080017c                vhodni_buffer
 .bss           0x008001bc        0x3 obj/DeviceStandardReq.o
                0x008001bc                USB_Device_RemoteWakeupEnabled
                0x008001bd                USB_Device_CurrentlySelfPowered
                0x008001be                USB_Device_ConfigurationNumber
 .bss           0x008001bf        0xa obj/USBTask.o
                0x008001bf                USB_DeviceState
                0x008001c0                USB_ControlRequest
                0x008001c8                USB_IsInitialized
 .bss           0x008001c9        0x6 C:/QMK_MSYS/opt/qmk/bin/../lib/gcc/avr/15.2.0/../../../../avr/lib/avr5\libc.a(iob.o)
                0x008001c9                __iob
 *(.bss*)
 *(COMMON)
                0x008001cf                        PROVIDE (__bss_end = .)
                0x00000fcc                        __data_load_start = LOADADDR (.data)
                0x0000103e                        __data_load_end = (__data_load_start + SIZEOF (.data))

.noinit         0x008001cf        0x0
                [!provide]                        PROVIDE (__noinit_start = .)
 *(.noinit .noinit.* .gnu.linkonce.n.*)
                [!provide]                        PROVIDE (__noinit_end = .)
                0x008001cf                        _end = .
                [!provide]                        PROVIDE (__heap_start = .)
                0x00000000                        __flmap_init_label = DEFINED (__flmap_noinit_start)?__flmap_noinit_start:0x0
                0x00000000                        __flmap = DEFINED (__flmap)?__flmap:0x0

.eeprom         0x00810000        0x0
 *(.eeprom*)
                0x00810000                        __eeprom_end = .

.fuse
 *(.fuse)
 *(.lfuse)
 *(.hfuse)
 *(.efuse)

.lock
 *(.lock*)

.signature
 *(.signature*)

.stab
 *(.stab)

.stabstr
 *(.stabstr)

.stab.excl
 *(.stab.excl)

.stab.exclstr
 *(.stab.exclstr)

.stab.index
 *(.stab.index)

.stab.indexstr
 *(.stab.indexstr)

.comment        0x00000000       0x4c
 *(.comment)
 .comment       0x00000000       0x4c obj/VirtualSerial.o
                                 0x4d (size before relaxing)
 .comment       0x0000004c       0x4d obj/Descriptors.o
 .comment       0x0000004c       0x4d obj/EndpointStream_AVR8.o
 .comment       0x0000004c       0x4d obj/Endpoint_AVR8.o
 .comment       0x0000004c       0x4d obj/USBController_AVR8.o
 .comment       0x0000004c       0x4d obj/USBInterrupt_AVR8.o
 .comment       0x0000004c       0x4d obj/DeviceStandardReq.o
 .comment       0x0000004c       0x4d obj/Events.o
 .comment       0x0000004c       0x4d obj/USBTask.o
 .comment       0x0000004c       0x4d obj/CDCClassDevice.o
 .comment       0x0000004c       0x4d C:/QMK_MSYS/opt/qmk/bin/../lib/gcc/avr/15.2.0/../../../../avr/lib/avr5\libc.a(iob.o)

.note.gnu.avr.deviceinfo
                0x00000000       0x40
 .note.gnu.avr.deviceinfo
                0x00000000       0x40 C:/QMK_MSYS/opt/qmk/bin/../lib/gcc/avr/15.2.0/../../../../avr/lib/avr5/crtatmega32u4.o

.gnu.build.attributes
 *(.gnu.build.attributes .gnu.build.attributes.*)

.note.gnu.build-id
 *(.note.gnu.build-id)

.debug
 *(.debug)

.line
 *(.line)

.debug_srcinfo
 *(.debug_srcinfo)

.debug_sfnames
 *(.debug_sfnames)

.debug_aranges  0x00000000      0x310
 *(.debug_aranges)
 .debug_aranges
                0x00000000       0x60 obj/VirtualSerial.o
 .debug_aranges
                0x00000060       0x20 obj/Descriptors.o
 .debug_aranges
                0x00000080       0xc8 obj/EndpointStream_AVR8.o
 .debug_aranges
                0x00000148       0x40 obj/Endpoint_AVR8.o
 .debug_aranges
                0x00000188       0x30 obj/USBController_AVR8.o
 .debug_aranges
                0x000001b8       0x38 obj/USBInterrupt_AVR8.o
 .debug_aranges
                0x000001f0       0x20 obj/DeviceStandardReq.o
 .debug_aranges
                0x00000210       0x30 obj/Events.o
 .debug_aranges
                0x00000240       0x20 obj/USBTask.o
 .debug_aranges
                0x00000260       0xb0 obj/CDCClassDevice.o

.debug_pubnames
 *(.debug_pubnames)

.debug_info     0x00000000     0x7333
 *(.debug_info .gnu.linkonce.wi.*)
 .debug_info    0x00000000      0x9f4 C:/QMK_MSYS/opt/qmk/bin/../lib/gcc/avr/15.2.0/../../../../avr/lib/avr5/crtatmega32u4.o
 .debug_info    0x000009f4      0xa53 obj/VirtualSerial.o
 .debug_info    0x00001447      0x818 obj/Descriptors.o
 .debug_info    0x00001c5f     0x1dcf obj/EndpointStream_AVR8.o
 .debug_info    0x00003a2e      0x6f4 obj/Endpoint_AVR8.o
 .debug_info    0x00004122      0x5a6 obj/USBController_AVR8.o
 .debug_info    0x000046c8      0x9ab obj/USBInterrupt_AVR8.o
 .debug_info    0x00005073      0xc45 obj/DeviceStandardReq.o
 .debug_info    0x00005cb8       0xe9 obj/Events.o
 .debug_info    0x00005da1      0x2c4 obj/USBTask.o
 .debug_info    0x00006065     0x12ce obj/CDCClassDevice.o

.debug_abbrev   0x00000000     0x2282
 *(.debug_abbrev)
 .debug_abbrev  0x00000000      0x96a C:/QMK_MSYS/opt/qmk/bin/../lib/gcc/avr/15.2.0/../../../../avr/lib/avr5/crtatmega32u4.o
 .debug_abbrev  0x0000096a      0x3d7 obj/VirtualSerial.o
 .debug_abbrev  0x00000d41      0x158 obj/Descriptors.o
 .debug_abbrev  0x00000e99      0x252 obj/EndpointStream_AVR8.o
 .debug_abbrev  0x000010eb      0x2a4 obj/Endpoint_AVR8.o
 .debug_abbrev  0x0000138f      0x1d2 obj/USBController_AVR8.o
 .debug_abbrev  0x00001561      0x26e obj/USBInterrupt_AVR8.o
 .debug_abbrev  0x000017cf      0x391 obj/DeviceStandardReq.o
 .debug_abbrev  0x00001b60       0x89 obj/Events.o
 .debug_abbrev  0x00001be9      0x1a9 obj/USBTask.o
 .debug_abbrev  0x00001d92      0x4f0 obj/CDCClassDevice.o

.debug_line     0x00000000     0x873c
 *(.debug_line .debug_line.* .debug_line_end)
 .debug_line    0x00000000       0x1d C:/QMK_MSYS/opt/qmk/bin/../lib/gcc/avr/15.2.0/../../../../avr/lib/avr5/crtatmega32u4.o
 .debug_line    0x0000001d      0x8b8 obj/VirtualSerial.o
 .debug_line    0x000008d5      0x2f1 obj/Descriptors.o
 .debug_line    0x00000bc6     0x3638 obj/EndpointStream_AVR8.o
 .debug_line    0x000041fe      0x996 obj/Endpoint_AVR8.o
 .debug_line    0x00004b94      0x661 obj/USBController_AVR8.o
 .debug_line    0x000051f5      0xd0d obj/USBInterrupt_AVR8.o
 .debug_line    0x00005f02      0xe97 obj/DeviceStandardReq.o
 .debug_line    0x00006d99      0x137 obj/Events.o
 .debug_line    0x00006ed0      0x2cc obj/USBTask.o
 .debug_line    0x0000719c     0x15a0 obj/CDCClassDevice.o

.debug_frame    0x00000000      0x980
 *(.debug_frame)
 .debug_frame   0x00000000      0x130 obj/VirtualSerial.o
 .debug_frame   0x00000130       0x24 obj/Descriptors.o
 .debug_frame   0x00000154      0x3fc obj/EndpointStream_AVR8.o
 .debug_frame   0x00000550       0x7c obj/Endpoint_AVR8.o
 .debug_frame   0x000005cc       0x58 obj/USBController_AVR8.o
 .debug_frame   0x00000624       0xfc obj/USBInterrupt_AVR8.o
 .debug_frame   0x00000720       0x3c obj/DeviceStandardReq.o
 .debug_frame   0x0000075c       0x44 obj/Events.o
 .debug_frame   0x000007a0       0x2c obj/USBTask.o
 .debug_frame   0x000007cc      0x1b4 obj/CDCClassDevice.o

.debug_str      0x00000000     0x2ae3
 *(.debug_str)
 .debug_str     0x00000000      0x371 C:/QMK_MSYS/opt/qmk/bin/../lib/gcc/avr/15.2.0/../../../../avr/lib/avr5/crtatmega32u4.o
 .debug_str     0x00000371     0x2772 obj/VirtualSerial.o
                                0x6bd (size before relaxing)
 .debug_str     0x00002ae3      0xbb8 obj/Descriptors.o
 .debug_str     0x00002ae3      0x907 obj/EndpointStream_AVR8.o
 .debug_str     0x00002ae3      0x6c7 obj/Endpoint_AVR8.o
 .debug_str     0x00002ae3      0x606 obj/USBController_AVR8.o
 .debug_str     0x00002ae3      0x685 obj/USBInterrupt_AVR8.o
 .debug_str     0x00002ae3      0xa56 obj/DeviceStandardReq.o
 .debug_str     0x00002ae3      0x27e obj/Events.o
 .debug_str     0x00002ae3      0x42c obj/USBTask.o
 .debug_str     0x00002ae3      0xb44 obj/CDCClassDevice.o

.debug_loc      0x00000000     0x48a6
 *(.debug_loc)
 .debug_loc     0x00000000      0x30f obj/VirtualSerial.o
 .debug_loc     0x0000030f      0x228 obj/Descriptors.o
 .debug_loc     0x00000537     0x2a55 obj/EndpointStream_AVR8.o
 .debug_loc     0x00002f8c      0x3e8 obj/Endpoint_AVR8.o
 .debug_loc     0x00003374       0xf9 obj/USBController_AVR8.o
 .debug_loc     0x0000346d      0x495 obj/USBInterrupt_AVR8.o
 .debug_loc     0x00003902      0x3a6 obj/DeviceStandardReq.o
 .debug_loc     0x00003ca8       0x62 obj/USBTask.o
 .debug_loc     0x00003d0a      0xb9c obj/CDCClassDevice.o

.debug_macinfo
 *(.debug_macinfo)

.debug_weaknames
 *(.debug_weaknames)

.debug_funcnames
 *(.debug_funcnames)

.debug_typenames
 *(.debug_typenames)

.debug_varnames
 *(.debug_varnames)

.debug_pubtypes
 *(.debug_pubtypes)

.debug_ranges   0x00000000      0x570
 *(.debug_ranges)
 .debug_ranges  0x00000000       0x50 obj/VirtualSerial.o
 .debug_ranges  0x00000050       0x28 obj/Descriptors.o
 .debug_ranges  0x00000078      0x1e8 obj/EndpointStream_AVR8.o
 .debug_ranges  0x00000260       0xd0 obj/Endpoint_AVR8.o
 .debug_ranges  0x00000330       0x20 obj/USBController_AVR8.o
 .debug_ranges  0x00000350       0x28 obj/USBInterrupt_AVR8.o
 .debug_ranges  0x00000378      0x128 obj/DeviceStandardReq.o
 .debug_ranges  0x000004a0       0x20 obj/Events.o
 .debug_ranges  0x000004c0       0x10 obj/USBTask.o
 .debug_ranges  0x000004d0       0xa0 obj/CDCClassDevice.o

.debug_addr
 *(.debug_addr)

.debug_line_str
 *(.debug_line_str)

.debug_loclists
 *(.debug_loclists)

.debug_macro
 *(.debug_macro)

.debug_names
 *(.debug_names)

.debug_rnglists
 *(.debug_rnglists)

.debug_str_offsets
 *(.debug_str_offsets)

.debug_sup
 *(.debug_sup)
OUTPUT(VirtualSerial.elf elf32-avr)
LOAD linker stubs

Cross Reference Table

Symbol                                            File
Audio_Device_ConfigureEndpoints                   obj/AudioClassDevice.o
Audio_Device_Event_Stub                           obj/AudioClassDevice.o
Audio_Device_ProcessControlRequest                obj/AudioClassDevice.o
CALLBACK_Audio_Device_GetSetEndpointProperty      obj/AudioClassDevice.o
CALLBACK_Audio_Device_GetSetInterfaceProperty     obj/AudioClassDevice.o
CALLBACK_CCID_Abort                               obj/CCIDClassDevice.o
CALLBACK_CCID_GetParameters_T0                    obj/CCIDClassDevice.o
CALLBACK_CCID_GetSlotStatus                       obj/CCIDClassDevice.o
CALLBACK_CCID_IccPowerOff                         obj/CCIDClassDevice.o
CALLBACK_CCID_IccPowerOn                          obj/CCIDClassDevice.o
CALLBACK_CCID_SetParameters_T0                    obj/CCIDClassDevice.o
CALLBACK_CCID_XfrBlock                            obj/CCIDClassDevice.o
CALLBACK_HIDParser_FilterHIDReportItem            obj/HIDParser.o
CALLBACK_HID_Device_CreateHIDReport               obj/HIDClassDevice.o
CALLBACK_HID_Device_ProcessHIDReport              obj/HIDClassDevice.o
CALLBACK_MS_Device_SCSICommandReceived            obj/MassStorageClassDevice.o
CALLBACK_USB_GetDescriptor                        obj/Descriptors.o
                                                  obj/DeviceStandardReq.o
CCID_CheckStatusNoError                           obj/CCIDClassDevice.o
CCID_Device_ConfigureEndpoints                    obj/CCIDClassDevice.o
CCID_Device_ProcessControlRequest                 obj/CCIDClassDevice.o
CCID_Device_USBTask                               obj/CCIDClassDevice.o
CDC_Device_BytesReceived                          obj/CDCClassDevice.o
CDC_Device_ConfigureEndpoints                     obj/CDCClassDevice.o
                                                  obj/VirtualSerial.o
CDC_Device_CreateBlockingStream                   obj/CDCClassDevice.o
CDC_Device_CreateStream                           obj/CDCClassDevice.o
CDC_Device_Event_Stub                             obj/CDCClassDevice.o
CDC_Device_Event_Stub_2                           obj/CDCClassDevice.o
CDC_Device_Flush                                  obj/CDCClassDevice.o
CDC_Device_ProcessControlRequest                  obj/CDCClassDevice.o
                                                  obj/VirtualSerial.o
CDC_Device_ReceiveByte                            obj/CDCClassDevice.o
                                                  obj/VirtualSerial.o
CDC_Device_SendByte                               obj/CDCClassDevice.o
                                                  obj/VirtualSerial.o
CDC_Device_SendControlLineStateChange             obj/CDCClassDevice.o
CDC_Device_SendData                               obj/CDCClassDevice.o
CDC_Device_SendData_P                             obj/CDCClassDevice.o
CDC_Device_SendString                             obj/CDCClassDevice.o
CDC_Device_SendString_P                           obj/CDCClassDevice.o
CDC_Device_USBTask                                obj/CDCClassDevice.o
                                                  obj/VirtualSerial.o
ConfigurationDescriptor                           obj/Descriptors.o
DeviceDescriptor                                  obj/Descriptors.o
EVENT_Audio_Device_StreamStartStop                obj/AudioClassDevice.o
EVENT_CDC_Device_BreakSent                        obj/CDCClassDevice.o
EVENT_CDC_Device_ControLineStateChanged           obj/CDCClassDevice.o
EVENT_CDC_Device_LineEncodingChanged              obj/CDCClassDevice.o
EVENT_PRNT_Device_SoftReset                       obj/PrinterClassDevice.o
EVENT_USB_Device_ConfigurationChanged             obj/VirtualSerial.o
                                                  obj/DeviceStandardReq.o
EVENT_USB_Device_Connect                          obj/Events.o
                                                  obj/USBInterrupt_AVR8.o
EVENT_USB_Device_ControlRequest                   obj/VirtualSerial.o
                                                  obj/DeviceStandardReq.o
EVENT_USB_Device_Disconnect                       obj/Events.o
                                                  obj/USBInterrupt_AVR8.o
EVENT_USB_Device_Reset                            obj/Events.o
                                                  obj/USBInterrupt_AVR8.o
EVENT_USB_Device_StartOfFrame                     obj/Events.o
                                                  obj/USBInterrupt_AVR8.o
EVENT_USB_Device_Suspend                          obj/Events.o
                                                  obj/USBInterrupt_AVR8.o
EVENT_USB_Device_WakeUp                           obj/Events.o
                                                  obj/USBInterrupt_AVR8.o
Endpoint_ClearEndpoints                           obj/Endpoint_AVR8.o
Endpoint_ClearStatusStage                         obj/Endpoint_AVR8.o
                                                  obj/PrinterClassDevice.o
                                                  obj/MassStorageClassDevice.o
                                                  obj/HIDClassDevice.o
                                                  obj/CDCClassDevice.o
                                                  obj/AudioClassDevice.o
                                                  obj/DeviceStandardReq.o
Endpoint_ConfigureEndpointTable                   obj/Endpoint_AVR8.o
                                                  obj/RNDISClassDevice.o
                                                  obj/PrinterClassDevice.o
                                                  obj/MIDIClassDevice.o
                                                  obj/MassStorageClassDevice.o
                                                  obj/HIDClassDevice.o
                                                  obj/CDCClassDevice.o
                                                  obj/CCIDClassDevice.o
                                                  obj/AudioClassDevice.o
Endpoint_ConfigureEndpoint_Prv                    obj/Endpoint_AVR8.o
                                                  obj/USBInterrupt_AVR8.o
                                                  obj/USBController_AVR8.o
Endpoint_Discard_Stream                           obj/EndpointStream_AVR8.o
                                                  obj/RNDISClassDevice.o
Endpoint_Null_Stream                              obj/EndpointStream_AVR8.o
Endpoint_Read_Control_EStream_BE                  obj/EndpointStream_AVR8.o
Endpoint_Read_Control_EStream_LE                  obj/EndpointStream_AVR8.o
Endpoint_Read_Control_Stream_BE                   obj/EndpointStream_AVR8.o
Endpoint_Read_Control_Stream_LE                   obj/EndpointStream_AVR8.o
                                                  obj/RNDISClassDevice.o
                                                  obj/HIDClassDevice.o
                                                  obj/AudioClassDevice.o
Endpoint_Read_EStream_BE                          obj/EndpointStream_AVR8.o
Endpoint_Read_EStream_LE                          obj/EndpointStream_AVR8.o
Endpoint_Read_Stream_BE                           obj/EndpointStream_AVR8.o
Endpoint_Read_Stream_LE                           obj/EndpointStream_AVR8.o
                                                  obj/RNDISClassDevice.o
                                                  obj/MIDIClassDevice.o
                                                  obj/MassStorageClassDevice.o
                                                  obj/CCIDClassDevice.o
Endpoint_WaitUntilReady                           obj/Endpoint_AVR8.o
                                                  obj/RNDISClassDevice.o
                                                  obj/PrinterClassDevice.o
                                                  obj/MIDIClassDevice.o
                                                  obj/CDCClassDevice.o
                                                  obj/EndpointStream_AVR8.o
Endpoint_Write_Control_EStream_BE                 obj/EndpointStream_AVR8.o
Endpoint_Write_Control_EStream_LE                 obj/EndpointStream_AVR8.o
Endpoint_Write_Control_PStream_BE                 obj/EndpointStream_AVR8.o
Endpoint_Write_Control_PStream_LE                 obj/EndpointStream_AVR8.o
                                                  obj/DeviceStandardReq.o
Endpoint_Write_Control_Stream_BE                  obj/EndpointStream_AVR8.o
Endpoint_Write_Control_Stream_LE                  obj/EndpointStream_AVR8.o
                                                  obj/RNDISClassDevice.o
                                                  obj/PrinterClassDevice.o
                                                  obj/HIDClassDevice.o
                                                  obj/AudioClassDevice.o
                                                  obj/DeviceStandardReq.o
Endpoint_Write_EStream_BE                         obj/EndpointStream_AVR8.o
Endpoint_Write_EStream_LE                         obj/EndpointStream_AVR8.o
Endpoint_Write_PStream_BE                         obj/EndpointStream_AVR8.o
Endpoint_Write_PStream_LE                         obj/EndpointStream_AVR8.o
                                                  obj/CDCClassDevice.o
Endpoint_Write_Stream_BE                          obj/EndpointStream_AVR8.o
Endpoint_Write_Stream_LE                          obj/EndpointStream_AVR8.o
                                                  obj/RNDISClassDevice.o
                                                  obj/PrinterClassDevice.o
                                                  obj/MIDIClassDevice.o
                                                  obj/MassStorageClassDevice.o
                                                  obj/HIDClassDevice.o
                                                  obj/CDCClassDevice.o
                                                  obj/CCIDClassDevice.o
HID_Device_ConfigureEndpoints                     obj/HIDClassDevice.o
HID_Device_ProcessControlRequest                  obj/HIDClassDevice.o
HID_Device_USBTask                                obj/HIDClassDevice.o
LanguageString                                    obj/Descriptors.o
MIDI_Device_ConfigureEndpoints                    obj/MIDIClassDevice.o
MIDI_Device_Flush                                 obj/MIDIClassDevice.o
MIDI_Device_ReceiveEventPacket                    obj/MIDIClassDevice.o
MIDI_Device_SendEventPacket                       obj/MIDIClassDevice.o
MIDI_Device_USBTask                               obj/MIDIClassDevice.o
MS_Device_ConfigureEndpoints                      obj/MassStorageClassDevice.o
MS_Device_ProcessControlRequest                   obj/MassStorageClassDevice.o
MS_Device_USBTask                                 obj/MassStorageClassDevice.o
ManufacturerString                                obj/Descriptors.o
PRNT_Device_BytesReceived                         obj/PrinterClassDevice.o
PRNT_Device_ConfigureEndpoints                    obj/PrinterClassDevice.o
PRNT_Device_CreateBlockingStream                  obj/PrinterClassDevice.o
PRNT_Device_CreateStream                          obj/PrinterClassDevice.o
PRNT_Device_Event_Stub                            obj/PrinterClassDevice.o
PRNT_Device_Flush                                 obj/PrinterClassDevice.o
PRNT_Device_ProcessControlRequest                 obj/PrinterClassDevice.o
PRNT_Device_ReceiveByte                           obj/PrinterClassDevice.o
PRNT_Device_SendByte                              obj/PrinterClassDevice.o
PRNT_Device_SendData                              obj/PrinterClassDevice.o
PRNT_Device_SendString                            obj/PrinterClassDevice.o
PRNT_Device_USBTask                               obj/PrinterClassDevice.o
ProductString                                     obj/Descriptors.o
RNDIS_Device_ConfigureEndpoints                   obj/RNDISClassDevice.o
RNDIS_Device_IsPacketReceived                     obj/RNDISClassDevice.o
RNDIS_Device_ProcessControlRequest                obj/RNDISClassDevice.o
RNDIS_Device_ReadPacket                           obj/RNDISClassDevice.o
RNDIS_Device_SendPacket                           obj/RNDISClassDevice.o
RNDIS_Device_USBTask                              obj/RNDISClassDevice.o
SetupHardware                                     obj/VirtualSerial.o
USB_ControlRequest                                obj/USBTask.o
                                                  obj/RNDISClassDevice.o
                                                  obj/PrinterClassDevice.o
                                                  obj/MassStorageClassDevice.o
                                                  obj/HIDClassDevice.o
                                                  obj/CDCClassDevice.o
                                                  obj/CCIDClassDevice.o
                                                  obj/AudioClassDevice.o
                                                  obj/DeviceStandardReq.o
                                                  obj/Endpoint_AVR8.o
                                                  obj/EndpointStream_AVR8.o
USB_DeviceState                                   obj/USBTask.o
                                                  obj/RNDISClassDevice.o
                                                  obj/PrinterClassDevice.o
                                                  obj/MIDIClassDevice.o
                                                  obj/MassStorageClassDevice.o
                                                  obj/HIDClassDevice.o
                                                  obj/CDCClassDevice.o
                                                  obj/DeviceStandardReq.o
                                                  obj/USBInterrupt_AVR8.o
                                                  obj/USBController_AVR8.o
                                                  obj/Endpoint_AVR8.o
                                                  obj/EndpointStream_AVR8.o
USB_Device_ConfigurationNumber                    obj/DeviceStandardReq.o
                                                  obj/USBInterrupt_AVR8.o
                                                  obj/USBController_AVR8.o
USB_Device_CurrentlySelfPowered                   obj/DeviceStandardReq.o
                                                  obj/USBController_AVR8.o
USB_Device_ProcessControlRequest                  obj/DeviceStandardReq.o
                                                  obj/USBTask.o
                                                  obj/USBInterrupt_AVR8.o
USB_Device_RemoteWakeupEnabled                    obj/DeviceStandardReq.o
                                                  obj/USBController_AVR8.o
USB_Device_SendRemoteWakeup                       obj/Device_AVR8.o
USB_Disable                                       obj/USBController_AVR8.o
USB_Event_Stub                                    obj/Events.o
USB_Event_Stub_2                                  obj/Events.o
USB_Event_Stub_3                                  obj/Events.o
USB_GetHIDReportItemInfo                          obj/HIDParser.o
USB_GetHIDReportSize                              obj/HIDParser.o
USB_GetNextDescriptorComp                         obj/ConfigDescriptors.o
USB_GetNextDescriptorOfType                       obj/ConfigDescriptors.o
USB_GetNextDescriptorOfTypeAfter                  obj/ConfigDescriptors.o
USB_GetNextDescriptorOfTypeBefore                 obj/ConfigDescriptors.o
USB_INT_ClearAllInterrupts                        obj/USBInterrupt_AVR8.o
                                                  obj/USBController_AVR8.o
USB_INT_DisableAllInterrupts                      obj/USBInterrupt_AVR8.o
                                                  obj/USBController_AVR8.o
USB_Init                                          obj/USBController_AVR8.o
                                                  obj/VirtualSerial.o
USB_IsInitialized                                 obj/USBTask.o
                                                  obj/USBController_AVR8.o
USB_PosljiCrko                                    obj/VirtualSerial.o
USB_ProcessHIDReport                              obj/HIDParser.o
USB_ResetInterface                                obj/USBController_AVR8.o
USB_SetHIDReportItemInfo                          obj/HIDParser.o
USB_USBTask                                       obj/USBTask.o
                                                  obj/PrinterClassDevice.o
                                                  obj/CDCClassDevice.o
                                                  obj/VirtualSerial.o
VirtualSerial_CDC_Interface                       obj/VirtualSerial.o
__DATA_REGION_LENGTH__                            C:/QMK_MSYS/opt/qmk/bin/../lib/gcc/avr/15.2.0/../../../../avr/lib/avr5/crtatmega32u4.o
__DATA_REGION_ORIGIN__                            C:/QMK_MSYS/opt/qmk/bin/../lib/gcc/avr/15.2.0/../../../../avr/lib/avr5/crtatmega32u4.o
__EEPROM_REGION_LENGTH__                          C:/QMK_MSYS/opt/qmk/bin/../lib/gcc/avr/15.2.0/../../../../avr/lib/avr5/crtatmega32u4.o
__FUSE_REGION_LENGTH__                            C:/QMK_MSYS/opt/qmk/bin/../lib/gcc/avr/15.2.0/../../../../avr/lib/avr5/crtatmega32u4.o
__TEXT_REGION_LENGTH__                            C:/QMK_MSYS/opt/qmk/bin/../lib/gcc/avr/15.2.0/../../../../avr/lib/avr5/crtatmega32u4.o
__TEXT_REGION_ORIGIN__                            C:/QMK_MSYS/opt/qmk/bin/../lib/gcc/avr/15.2.0/../../../../avr/lib/avr5/crtatmega32u4.o
__bad_interrupt                                   C:/QMK_MSYS/opt/qmk/bin/../lib/gcc/avr/15.2.0/../../../../avr/lib/avr5/crtatmega32u4.o
__bss_end                                         C:/QMK_MSYS/opt/qmk/bin/../lib/gcc/avr/15.2.0/avr5\libgcc.a(_clear_bss.o)
__bss_start                                       C:/QMK_MSYS/opt/qmk/bin/../lib/gcc/avr/15.2.0/avr5\libgcc.a(_clear_bss.o)
__data_end                                        C:/QMK_MSYS/opt/qmk/bin/../lib/gcc/avr/15.2.0/avr5\libgcc.a(_copy_data.o)
__data_load_start                                 C:/QMK_MSYS/opt/qmk/bin/../lib/gcc/avr/15.2.0/avr5\libgcc.a(_copy_data.o)
__data_start                                      C:/QMK_MSYS/opt/qmk/bin/../lib/gcc/avr/15.2.0/avr5\libgcc.a(_copy_data.o)
__do_clear_bss                                    C:/QMK_MSYS/opt/qmk/bin/../lib/gcc/avr/15.2.0/avr5\libgcc.a(_clear_bss.o)
                                                  C:/QMK_MSYS/opt/qmk/bin/../lib/gcc/avr/15.2.0/../../../../avr/lib/avr5\libc.a(iob.o)
                                                  obj/USBTask.o
                                                  obj/DeviceStandardReq.o
                                                  obj/VirtualSerial.o
__do_copy_data                                    C:/QMK_MSYS/opt/qmk/bin/../lib/gcc/avr/15.2.0/avr5\libgcc.a(_copy_data.o)
                                                  obj/RNDISClassDevice.o
                                                  obj/PrinterClassDevice.o
                                                  obj/CDCClassDevice.o
                                                  obj/VirtualSerial.o
__heap_end                                        C:/QMK_MSYS/opt/qmk/bin/../lib/gcc/avr/15.2.0/../../../../avr/lib/avr5/crtatmega32u4.o
__init                                            C:/QMK_MSYS/opt/qmk/bin/../lib/gcc/avr/15.2.0/../../../../avr/lib/avr5/crtatmega32u4.o
__iob                                             C:/QMK_MSYS/opt/qmk/bin/../lib/gcc/avr/15.2.0/../../../../avr/lib/avr5\libc.a(iob.o)
                                                  obj/VirtualSerial.o
__stack                                           C:/QMK_MSYS/opt/qmk/bin/../lib/gcc/avr/15.2.0/../../../../avr/lib/avr5/crtatmega32u4.o
__strlen_P                                        C:/QMK_MSYS/opt/qmk/bin/../lib/gcc/avr/15.2.0/../../../../avr/lib/avr5\libc.a(strlen_P.o)
                                                  obj/CDCClassDevice.o
__vector_1                                        obj/VirtualSerial.o
                                                  C:/QMK_MSYS/opt/qmk/bin/../lib/gcc/avr/15.2.0/../../../../avr/lib/avr5/crtatmega32u4.o
__vector_10                                       obj/USBInterrupt_AVR8.o
                                                  C:/QMK_MSYS/opt/qmk/bin/../lib/gcc/avr/15.2.0/../../../../avr/lib/avr5/crtatmega32u4.o
__vector_11                                       obj/USBInterrupt_AVR8.o
                                                  C:/QMK_MSYS/opt/qmk/bin/../lib/gcc/avr/15.2.0/../../../../avr/lib/avr5/crtatmega32u4.o
__vector_12                                       C:/QMK_MSYS/opt/qmk/bin/../lib/gcc/avr/15.2.0/../../../../avr/lib/avr5/crtatmega32u4.o
__vector_13                                       C:/QMK_MSYS/opt/qmk/bin/../lib/gcc/avr/15.2.0/../../../../avr/lib/avr5/crtatmega32u4.o
__vector_14                                       C:/QMK_MSYS/opt/qmk/bin/../lib/gcc/avr/15.2.0/../../../../avr/lib/avr5/crtatmega32u4.o
__vector_15                                       C:/QMK_MSYS/opt/qmk/bin/../lib/gcc/avr/15.2.0/../../../../avr/lib/avr5/crtatmega32u4.o
__vector_16                                       C:/QMK_MSYS/opt/qmk/bin/../lib/gcc/avr/15.2.0/../../../../avr/lib/avr5/crtatmega32u4.o
__vector_17                                       C:/QMK_MSYS/opt/qmk/bin/../lib/gcc/avr/15.2.0/../../../../avr/lib/avr5/crtatmega32u4.o
__vector_18                                       C:/QMK_MSYS/opt/qmk/bin/../lib/gcc/avr/15.2.0/../../../../avr/lib/avr5/crtatmega32u4.o
__vector_19                                       C:/QMK_MSYS/opt/qmk/bin/../lib/gcc/avr/15.2.0/../../../../avr/lib/avr5/crtatmega32u4.o
__vector_2                                        obj/VirtualSerial.o
                                                  C:/QMK_MSYS/opt/qmk/bin/../lib/gcc/avr/15.2.0/../../../../avr/lib/avr5/crtatmega32u4.o
__vector_20                                       C:/QMK_MSYS/opt/qmk/bin/../lib/gcc/avr/15.2.0/../../../../avr/lib/avr5/crtatmega32u4.o
__vector_21                                       C:/QMK_MSYS/opt/qmk/bin/../lib/gcc/avr/15.2.0/../../../../avr/lib/avr5/crtatmega32u4.o
__vector_22                                       C:/QMK_MSYS/opt/qmk/bin/../lib/gcc/avr/15.2.0/../../../../avr/lib/avr5/crtatmega32u4.o
__vector_23                                       C:/QMK_MSYS/opt/qmk/bin/../lib/gcc/avr/15.2.0/../../../../avr/lib/avr5/crtatmega32u4.o
__vector_24                                       C:/QMK_MSYS/opt/qmk/bin/../lib/gcc/avr/15.2.0/../../../../avr/lib/avr5/crtatmega32u4.o
__vector_25                                       C:/QMK_MSYS/opt/qmk/bin/../lib/gcc/avr/15.2.0/../../../../avr/lib/avr5/crtatmega32u4.o
__vector_26                                       C:/QMK_MSYS/opt/qmk/bin/../lib/gcc/avr/15.2.0/../../../../avr/lib/avr5/crtatmega32u4.o
__vector_27                                       C:/QMK_MSYS/opt/qmk/bin/../lib/gcc/avr/15.2.0/../../../../avr/lib/avr5/crtatmega32u4.o
__vector_28                                       C:/QMK_MSYS/opt/qmk/bin/../lib/gcc/avr/15.2.0/../../../../avr/lib/avr5/crtatmega32u4.o
__vector_29                                       C:/QMK_MSYS/opt/qmk/bin/../lib/gcc/avr/15.2.0/../../../../avr/lib/avr5/crtatmega32u4.o
__vector_3                                        C:/QMK_MSYS/opt/qmk/bin/../lib/gcc/avr/15.2.0/../../../../avr/lib/avr5/crtatmega32u4.o
__vector_30                                       C:/QMK_MSYS/opt/qmk/bin/../lib/gcc/avr/15.2.0/../../../../avr/lib/avr5/crtatmega32u4.o
__vector_31                                       C:/QMK_MSYS/opt/qmk/bin/../lib/gcc/avr/15.2.0/../../../../avr/lib/avr5/crtatmega32u4.o
__vector_32                                       C:/QMK_MSYS/opt/qmk/bin/../lib/gcc/avr/15.2.0/../../../../avr/lib/avr5/crtatmega32u4.o
__vector_33                                       C:/QMK_MSYS/opt/qmk/bin/../lib/gcc/avr/15.2.0/../../../../avr/lib/avr5/crtatmega32u4.o
__vector_34                                       C:/QMK_MSYS/opt/qmk/bin/../lib/gcc/avr/15.2.0/../../../../avr/lib/avr5/crtatmega32u4.o
__vector_35                                       C:/QMK_MSYS/opt/qmk/bin/../lib/gcc/avr/15.2.0/../../../../avr/lib/avr5/crtatmega32u4.o
__vector_36                                       C:/QMK_MSYS/opt/qmk/bin/../lib/gcc/avr/15.2.0/../../../../avr/lib/avr5/crtatmega32u4.o
__vector_37                                       C:/QMK_MSYS/opt/qmk/bin/../lib/gcc/avr/15.2.0/../../../../avr/lib/avr5/crtatmega32u4.o
__vector_38                                       C:/QMK_MSYS/opt/qmk/bin/../lib/gcc/avr/15.2.0/../../../../avr/lib/avr5/crtatmega32u4.o
__vector_39                                       C:/QMK_MSYS/opt/qmk/bin/../lib/gcc/avr/15.2.0/../../../../avr/lib/avr5/crtatmega32u4.o
__vector_4                                        C:/QMK_MSYS/opt/qmk/bin/../lib/gcc/avr/15.2.0/../../../../avr/lib/avr5/crtatmega32u4.o
__vector_40                                       C:/QMK_MSYS/opt/qmk/bin/../lib/gcc/avr/15.2.0/../../../../avr/lib/avr5/crtatmega32u4.o
__vector_41                                       C:/QMK_MSYS/opt/qmk/bin/../lib/gcc/avr/15.2.0/../../../../avr/lib/avr5/crtatmega32u4.o
__vector_42                                       C:/QMK_MSYS/opt/qmk/bin/../lib/gcc/avr/15.2.0/../../../../avr/lib/avr5/crtatmega32u4.o
__vector_5                                        C:/QMK_MSYS/opt/qmk/bin/../lib/gcc/avr/15.2.0/../../../../avr/lib/avr5/crtatmega32u4.o
__vector_6                                        C:/QMK_MSYS/opt/qmk/bin/../lib/gcc/avr/15.2.0/../../../../avr/lib/avr5/crtatmega32u4.o
__vector_7                                        C:/QMK_MSYS/opt/qmk/bin/../lib/gcc/avr/15.2.0/../../../../avr/lib/avr5/crtatmega32u4.o
__vector_8                                        C:/QMK_MSYS/opt/qmk/bin/../lib/gcc/avr/15.2.0/../../../../avr/lib/avr5/crtatmega32u4.o
__vector_9                                        C:/QMK_MSYS/opt/qmk/bin/../lib/gcc/avr/15.2.0/../../../../avr/lib/avr5/crtatmega32u4.o
__vector_default                                  C:/QMK_MSYS/opt/qmk/bin/../lib/gcc/avr/15.2.0/../../../../avr/lib/avr5/crtatmega32u4.o
__vectors                                         C:/QMK_MSYS/opt/qmk/bin/../lib/gcc/avr/15.2.0/../../../../avr/lib/avr5/crtatmega32u4.o
_exit                                             C:/QMK_MSYS/opt/qmk/bin/../lib/gcc/avr/15.2.0/avr5\libgcc.a(_exit.o)
buffer_index                                      obj/VirtualSerial.o
check_button_press                                obj/VirtualSerial.o
con                                               obj/VirtualSerial.o
eeprom_read_byte                                  C:/QMK_MSYS/opt/qmk/bin/../lib/gcc/avr/15.2.0/../../../../avr/lib/avr5\libatmega32u4.a(eerd_byte.o)
                                                  obj/EndpointStream_AVR8.o
eeprom_update_byte                                C:/QMK_MSYS/opt/qmk/bin/../lib/gcc/avr/15.2.0/../../../../avr/lib/avr5\libatmega32u4.a(eeupd_byte.o)
                                                  obj/EndpointStream_AVR8.o
eeprom_update_r18                                 C:/QMK_MSYS/opt/qmk/bin/../lib/gcc/avr/15.2.0/../../../../avr/lib/avr5\libatmega32u4.a(eeupd_byte.o)
encoder                                           obj/VirtualSerial.o
exit                                              C:/QMK_MSYS/opt/qmk/bin/../lib/gcc/avr/15.2.0/avr5\libgcc.a(_exit.o)
                                                  C:/QMK_MSYS/opt/qmk/bin/../lib/gcc/avr/15.2.0/../../../../avr/lib/avr5/crtatmega32u4.o
main                                              obj/VirtualSerial.o
                                                  C:/QMK_MSYS/opt/qmk/bin/../lib/gcc/avr/15.2.0/../../../../avr/lib/avr5/crtatmega32u4.o
memcmp                                            C:/QMK_MSYS/opt/qmk/bin/../lib/gcc/avr/15.2.0/../../../../avr/lib/avr5\libc.a(memcmp.o)
                                                  obj/HIDClassDevice.o
memcpy                                            C:/QMK_MSYS/opt/qmk/bin/../lib/gcc/avr/15.2.0/../../../../avr/lib/avr5\libc.a(memcpy.o)
                                                  obj/RNDISClassDevice.o
                                                  obj/HIDClassDevice.o
memcpy_P                                          C:/QMK_MSYS/opt/qmk/bin/../lib/gcc/avr/15.2.0/../../../../avr/lib/avr5\libc.a(memcpy_P.o)
                                                  obj/RNDISClassDevice.o
memset                                            C:/QMK_MSYS/opt/qmk/bin/../lib/gcc/avr/15.2.0/../../../../avr/lib/avr5\libc.a(memset.o)
                                                  obj/HIDClassDevice.o
moji_gumbi                                        obj/VirtualSerial.o
staro_stanje_pinov                                obj/VirtualSerial.o
stevec                                            obj/VirtualSerial.o
usb_stream                                        obj/VirtualSerial.o
vhodni_buffer                                     obj/VirtualSerial.o
zadnji_stevec                                     obj/VirtualSerial.o
